Microchip MPLAB XC8 Compiler V1.45 ()

Linker command line:

-W-3 --edf=C:\Program Files (x86)\Microchip\xc8\v1.45\dat\en_msgs.txt -cs \
  -h+dist/default/production\alltouch.X.production.sym \
  --cmf=dist/default/production\alltouch.X.production.cmf -z -Q16F1526 \
  -oC:\Users\Alfaone\AppData\Local\Temp\s604.2 \
  -Mdist/default/production/alltouch.X.production.map -E1 -ver=XC8 \
  -ASTACK=020EAh-022efh -pstack=STACK -ACODE=00h-07FFhx4 \
  -ASTRCODE=00h-01FFFh -ASTRING=00h-0FFhx32 -ACONST=00h-0FFhx32 \
  -AENTRY=00h-0FFhx32 -ACOMMON=070h-07Fh -ABANK0=020h-06Fh \
  -ABANK1=0A0h-0EFh -ABANK2=0120h-016Fh -ABANK3=01A0h-01EFh \
  -ABANK4=0220h-026Fh -ABANK5=02A0h-02EFh -ABANK6=0320h-036Fh \
  -ABANK7=03A0h-03EFh -ABANK8=0420h-046Fh -ABANK9=04A0h-04BFh \
  -ABIGRAM=02000h-022EFh \
  -ARAM=020h-06Fh,0A0h-0EFh,0120h-016Fh,01A0h-01EFh,0220h-026Fh,02A0h-02EFh,0320h-036Fh,03A0h-03EFh,0420h-046Fh,04A0h-04BFh \
  -AABS1=020h-07Fh,0A0h-0EFh,0120h-016Fh,01A0h-01EFh,0220h-026Fh,02A0h-02EFh,0320h-036Fh,03A0h-03EFh,0420h-046Fh,04A0h-04BFh \
  -ASFR0=00h-01Fh -ASFR1=080h-09Fh -ASFR2=0100h-011Fh -ASFR3=0180h-019Fh \
  -ASFR4=0200h-021Fh -ASFR5=0280h-029Fh -ASFR6=0300h-031Fh \
  -ASFR7=0380h-039Fh -ASFR8=0400h-041Fh -ASFR9=0480h-049Fh \
  -ASFR10=0500h-056Fh -ASFR11=0580h-05EFh -ASFR12=0600h-066Fh \
  -ASFR13=0680h-06EFh -ASFR14=0700h-076Fh -ASFR15=0780h-07EFh \
  -ASFR16=0800h-086Fh -ASFR17=0880h-08EFh -ASFR18=0900h-096Fh \
  -ASFR19=0980h-09EFh -ASFR20=0A00h-0A6Fh -ASFR21=0A80h-0AEFh \
  -ASFR22=0B00h-0B6Fh -ASFR23=0B80h-0BEFh -ASFR24=0C00h-0C6Fh \
  -ASFR25=0C80h-0CEFh -ASFR26=0D00h-0D6Fh -ASFR27=0D80h-0DEFh \
  -ASFR28=0E00h-0E6Fh -ASFR29=0E80h-0EEFh -ASFR30=0F00h-0F6Fh \
  -ASFR31=0F80h-0FEFh -preset_vec=00h,intentry=04h,init,end_init \
  -ppowerup=CODE -pcinit=CODE -pfunctab=ENTRY -ACONFIG=08007h-08008h \
  -pconfig=CONFIG -DCONFIG=2 -AIDLOC=08000h-08003h -pidloc=IDLOC -DIDLOC=2 \
  -DCODE=2 -DSTRCODE=2 -DSTRING=2 -DCONST=2 -DENTRY=2 -k \
  C:\Users\Alfaone\AppData\Local\Temp\s604.obj \
  dist/default/production\alltouch.X.production.obj 

Object code version is 3.11

Machine type is 16F1526



                Name                               Link     Load   Length Selector   Space Scale
C:\Users\Alfaone\AppData\Local\Temp\s604.obj
                end_init                            29F      29F        2        8       0
                reset_vec                             0        0        2        0       0
                config                             8007     8007        2    1000E       0
dist/default/production\alltouch.X.production.obj
                cinit                               2A1      2A1       3F        8       0
                intentry                              4        4      29B        8       0
                text21                              FE7      FE7       19     1FCE       0
                swtext11                            8C8      8C8       14     1000       0
                swtext10                            8B4      8B4       14     1000       0
                swtext9                             8A0      8A0       14     1000       0
                swtext8                             88C      88C       14     1000       0
                swtext7                             878      878       14     1000       0
                swtext6                             864      864       14     1000       0
                swtext5                             850      850       14     1000       0
                swtext4                             83C      83C       14     1000       0
                swtext3                             828      828       14     1000       0
                swtext2                             814      814       14     1000       0
                swtext1                             800      800       14     1000       0
                text19                              F43      F43        4     1E86       0
                text18                              F90      F90       15     1F20       0
                text17                              FA5      FA5       16     1F4A       0
                text16                              705      705       35        8       0
                text15                              59B      59B       79        8       0
                text14                              F53      F53        A     1EA6       0
                text13                              FBB      FBB       16     1F76       0
                text12                              FD1      FD1       16     1FA2       0
                text11                              F5D      F5D        B     1EBA       0
                text10                              F68      F68        C     1ED0       0
                text9                               F81      F81        F     1F02       0
                text8                               7D5      7D5       1C        8       0
                text7                               7F1      7F1        F        8       0
                text6                               614      614       6B        8       0
                text5                               79A      79A       1E        8       0
                text4                               469      469      132        8       0
                text3                               73A      73A       31        8       0
                text2                               76B      76B       2F        8       0
                text1                               7B8      7B8       1D        8       0
                maintext                            2E0      2E0      189        8       0
                cstackBANK0                          20       20       29       20       1
                cstackCOMMON                         76       76        6       70       1
                cstackBANK1                          DC       DC        8       A0       1
                inittext                            F47      F47        6     1E8E       0
                dataBANK2                           120      120       4A      120       1
                dataBANK1                            A0       A0       3C       A0       1
                dataBANK0                            49       49        D       20       1
                bssBANK0                             56       56        C       20       1
                dataCOMMON                           70       70        6       70       1
                stringtext1                        1000     1000        2     2000       0
                nvBANK1                              E4       E4        2       A0       1
                nvBANK0                              62       62        8       20       1
                idataBANK2                          67F      67F       4A        8       0
                idataBANK1                          6C9      6C9       3C        8       0
                idataBANK0                          F74      F74        D     1EE8       0
                idataCOMMON                         F4D      F4D        6     1E9A       0

TOTAL           Name                               Link     Load   Length     Space
        CLASS   STACK          

        CLASS   CODE           
                end_init                            29F      29F        2         0
                cinit                               2A1      2A1       3F         0
                intentry                              4        4      29B         0
                reset_vec                             0        0        2         0
                text21                              FE7      FE7       19         0
                text19                              F43      F43        4         0
                text18                              F90      F90       15         0
                text17                              FA5      FA5       16         0
                text16                              705      705       35         0
                text15                              59B      59B       79         0
                text14                              F53      F53        A         0
                text13                              FBB      FBB       16         0
                text12                              FD1      FD1       16         0
                text11                              F5D      F5D        B         0
                text10                              F68      F68        C         0
                text9                               F81      F81        F         0
                text8                               7D5      7D5       1C         0
                text7                               7F1      7F1        F         0
                text6                               614      614       6B         0
                text5                               79A      79A       1E         0
                text4                               469      469      132         0
                text3                               73A      73A       31         0
                text2                               76B      76B       2F         0
                text1                               7B8      7B8       1D         0
                maintext                            2E0      2E0      189         0
                inittext                            F47      F47        6         0
                idataBANK2                          67F      67F       4A         0
                idataBANK1                          6C9      6C9       3C         0
                idataBANK0                          F74      F74        D         0
                idataCOMMON                         F4D      F4D        6         0

        CLASS   STRCODE        
                stringtext1                        1000     1000        2         0

        CLASS   STRING         

        CLASS   CONST          
                swtext11                            8C8      8C8       14         0
                swtext10                            8B4      8B4       14         0
                swtext9                             8A0      8A0       14         0
                swtext8                             88C      88C       14         0
                swtext7                             878      878       14         0
                swtext6                             864      864       14         0
                swtext5                             850      850       14         0
                swtext4                             83C      83C       14         0
                swtext3                             828      828       14         0
                swtext2                             814      814       14         0
                swtext1                             800      800       14         0

        CLASS   ENTRY          

        CLASS   COMMON         
                cstackCOMMON                         76       76        6         1
                dataCOMMON                           70       70        6         1

        CLASS   BANK0          
                cstackBANK0                          20       20       29         1
                dataBANK0                            49       49        D         1
                bssBANK0                             56       56        C         1
                nvBANK0                              62       62        8         1

        CLASS   BANK1          
                cstackBANK1                          DC       DC        8         1
                dataBANK1                            A0       A0       3C         1
                nvBANK1                              E4       E4        2         1

        CLASS   BANK2          
                dataBANK2                           120      120       4A         1

        CLASS   BANK3          

        CLASS   BANK4          

        CLASS   BANK5          

        CLASS   BANK6          

        CLASS   BANK7          

        CLASS   BANK8          

        CLASS   BANK9          

        CLASS   BIGRAM         

        CLASS   RAM            

        CLASS   ABS1           
                abs_s1                               7E       7E        2         1

        CLASS   SFR0           

        CLASS   SFR1           

        CLASS   SFR2           

        CLASS   SFR3           

        CLASS   SFR4           

        CLASS   SFR5           

        CLASS   SFR6           

        CLASS   SFR7           

        CLASS   SFR8           

        CLASS   SFR9           

        CLASS   SFR10          

        CLASS   SFR11          

        CLASS   SFR12          

        CLASS   SFR13          

        CLASS   SFR14          

        CLASS   SFR15          

        CLASS   SFR16          

        CLASS   SFR17          

        CLASS   SFR18          

        CLASS   SFR19          

        CLASS   SFR20          

        CLASS   SFR21          

        CLASS   SFR22          

        CLASS   SFR23          

        CLASS   SFR24          

        CLASS   SFR25          

        CLASS   SFR26          

        CLASS   SFR27          

        CLASS   SFR28          

        CLASS   SFR29          

        CLASS   SFR30          

        CLASS   SFR31          

        CLASS   CONFIG         
                config                             8007     8007        2         0

        CLASS   IDLOC          

        CLASS   BANK31         

        CLASS   BANK30         

        CLASS   BANK29         

        CLASS   BANK28         

        CLASS   BANK27         

        CLASS   BANK26         

        CLASS   BANK25         

        CLASS   BANK24         

        CLASS   BANK23         

        CLASS   BANK22         

        CLASS   BANK21         

        CLASS   BANK20         

        CLASS   BANK19         

        CLASS   BANK18         

        CLASS   BANK17         

        CLASS   BANK16         

        CLASS   BANK15         

        CLASS   BANK14         

        CLASS   BANK13         

        CLASS   BANK12         

        CLASS   BANK11         

        CLASS   BANK10         

        CLASS   EEDATA         



SEGMENTS        Name                           Load    Length   Top    Selector   Space  Class     Delta

                reset_vec                      000000  000002  000002         0       0  CODE        2
                intentry                       000004  0007FC  000800         8       0  CODE        2
                cstackBANK0                    000020  00004A  00006A        20       1  BANK0       1
                dataCOMMON                     000070  00000C  00007C        70       1  COMMON      1
                dataBANK1                      0000A0  000046  0000E6        A0       1  BANK1       1
                dataBANK2                      000120  00004A  00016A       120       1  BANK2       1
                swtext1                        000800  0000DC  0008DC      1000       0  CONST       2
                text19                         000F43  000004  000F47      1E86       0  CODE        2
                inittext                       000F47  000006  000F4D      1E8E       0  CODE        2
                idataCOMMON                    000F4D  000006  000F53      1E9A       0  CODE        2
                text14                         000F53  00000A  000F5D      1EA6       0  CODE        2
                text11                         000F5D  00000B  000F68      1EBA       0  CODE        2
                text10                         000F68  00000C  000F74      1ED0       0  CODE        2
                idataBANK0                     000F74  00000D  000F81      1EE8       0  CODE        2
                text9                          000F81  00000F  000F90      1F02       0  CODE        2
                text18                         000F90  000015  000FA5      1F20       0  CODE        2
                text17                         000FA5  000016  000FBB      1F4A       0  CODE        2
                text13                         000FBB  000016  000FD1      1F76       0  CODE        2
                text12                         000FD1  000016  000FE7      1FA2       0  CODE        2
                text21                         000FE7  000019  001000      1FCE       0  CODE        2
                stringtext1                    001000  000002  001002      2000       0  STRCODE     2
                config                         008007  000002  008009     1000E       0  CONFIG      2


UNUSED ADDRESS RANGES

        Name                Unused          Largest block    Delta
        BANK0            0006A-0006F               6           1
        BANK1            000E6-000EF               A           1
        BANK2            0016A-0016F               6           1
        BANK3            001A0-001EF              50           1
        BANK4            00220-0026F              50           1
        BANK5            002A0-002EF              50           1
        BANK6            00320-0036F              50           1
        BANK7            003A0-003EF              50           1
        BANK8            00420-0046F              50           1
        BANK9            004A0-004BF              20           1
        BIGRAM           02000-022EF             2F0           1
        CODE             00002-00003               2           2
                         008DC-00F42             667
                         01002-01FFF             7FE
        COMMON           0007C-0007D               2           1
        CONST            00002-00003               2           2
                         008DC-00F42             100
                         01002-01FFF             100
        ENTRY            00002-00003               2           2
                         008DC-00F42             100
                         01002-01FFF             100
        IDLOC            08000-08003               4           2
        RAM              0006A-0006F               6           1
                         000E6-000EF               A
                         0016A-0016F               6
                         001A0-001EF              50
                         00220-0026F              50
                         002A0-002EF              50
                         00320-0036F              50
                         003A0-003EF              50
                         00420-0046F              50
                         004A0-004BF              20
        SFR0             00000-0001F              20           1
        SFR1             00080-0009F              20           1
        SFR10            00500-0056F              70           1
        SFR11            00580-005EF              70           1
        SFR12            00600-0066F              70           1
        SFR13            00680-006EF              70           1
        SFR14            00700-0076F              70           1
        SFR15            00780-007EF              70           1
        SFR16            00800-0086F              70           1
        SFR17            00880-008EF              70           1
        SFR18            00900-0096F              70           1
        SFR19            00980-009EF              70           1
        SFR2             00100-0011F              20           1
        SFR20            00A00-00A6F              70           1
        SFR21            00A80-00AEF              70           1
        SFR22            00B00-00B6F              70           1
        SFR23            00B80-00BEF              70           1
        SFR24            00C00-00C6F              70           1
        SFR25            00C80-00CEF              70           1
        SFR26            00D00-00D6F              70           1
        SFR27            00D80-00DEF              70           1
        SFR28            00E00-00E6F              70           1
        SFR29            00E80-00EEF              70           1
        SFR3             00180-0019F              20           1
        SFR30            00F00-00F6F              70           1
        SFR31            00F80-00FEF              70           1
        SFR4             00200-0021F              20           1
        SFR5             00280-0029F              20           1
        SFR6             00300-0031F              20           1
        SFR7             00380-0039F              20           1
        SFR8             00400-0041F              20           1
        SFR9             00480-0049F              20           1
        STACK            020EA-022EF             206           1
        STRCODE          00002-00003               2           2
                         008DC-00F42             667
                         01002-01FFF             FFE
        STRING           00002-00003               2           2
                         008DC-00F42             100
                         01002-01FFF             100

                                  Symbol Table

?___wmul                                          cstackBANK0  00020
?_atoi                                            cstackBANK0  00026
_ANSELA                                           (abs)        0018C
_ANSELB                                           (abs)        0018D
_ANSELD                                           (abs)        0018F
_ANSELE                                           (abs)        00190
_ANSELF                                           (abs)        0040C
_ANSELG                                           (abs)        0040D
_BAUD1CON                                         (abs)        0019F
_BAUD2CON                                         (abs)        00497
_CCP9CON                                          (abs)        0061C
_CCP9IF                                           (abs)        000A6
_CCP9_Initialize                                  text14       00F53
_CCPR9H                                           (abs)        0061B
_CCPR9L                                           (abs)        0061A
_EUSART2_Initialize                               text13       00FBB
_EUSART_Initialize                                text12       00FD1
_ErrorNames                                       dataCOMMON   00071
_GIE                                              (abs)        0005F
_GPIO_pin_Initialize                              text17       00FA5
_M1                                               nvBANK0      00068
_M2                                               nvBANK0      00066
_M3                                               nvBANK1      000E4
_M4                                               nvBANK0      00064
_M5                                               nvBANK0      00062
_PEIE                                             (abs)        0005E
_PIE1bits                                         (abs)        00091
_PIE3bits                                         (abs)        00093
_PIE4bits                                         (abs)        00094
_PIR1bits                                         (abs)        00011
_PIR3bits                                         (abs)        00013
_PIR4bits                                         (abs)        00014
_PORTAbits                                        (abs)        0000C
_PORTEbits                                        (abs)        00010
_PORTFbits                                        (abs)        0028C
_RC1IF                                            (abs)        0008D
_RC1REG                                           (abs)        00199
_RC1STA                                           (abs)        0019D
_RC1STAbits                                       (abs)        0019D
_RC2IF                                            (abs)        000A5
_RC2REG                                           (abs)        00491
_RC2STA                                           (abs)        00495
_RC2STAbits                                       (abs)        00495
_SP1BRGH                                          (abs)        0019C
_SP1BRGL                                          (abs)        0019B
_SP2BRGH                                          (abs)        00494
_SP2BRGL                                          (abs)        00493
_T1CON                                            (abs)        00018
_T1CONbits                                        (abs)        00018
_T1GCON                                           (abs)        00019
_T3CON                                            (abs)        00413
_T3CONbits                                        (abs)        00413
_T3GCON                                           (abs)        00414
_TMR1H                                            (abs)        00017
_TMR1L                                            (abs)        00016
_TMR1_Initialize                                  text11       00F5D
_TMR3H                                            (abs)        00412
_TMR3L                                            (abs)        00411
_TMR3_Initialize                                  text10       00F68
_TRISAbits                                        (abs)        0008C
_TRISCbits                                        (abs)        0008E
_TRISEbits                                        (abs)        00090
_TRISFbits                                        (abs)        0030C
_TRISGbits                                        (abs)        0030D
_TX1REG                                           (abs)        0019A
_TX1STA                                           (abs)        0019E
_TX1STAbits                                       (abs)        0019E
_TX2REG                                           (abs)        00492
_TX2STA                                           (abs)        00496
_TX2STAbits                                       (abs)        00496
_WPUB                                             (abs)        0020D
_WPUD                                             (abs)        0020F
_WPUE                                             (abs)        00210
_WPUG                                             (abs)        0048D
__CFG_BOREN$OFF                                   (abs)        00000
__CFG_BORV$LO                                     (abs)        00000
__CFG_CLKOUTEN$OFF                                (abs)        00000
__CFG_CP$OFF                                      (abs)        00000
__CFG_FCMEN$OFF                                   (abs)        00000
__CFG_FOSC$HS                                     (abs)        00000
__CFG_IESO$OFF                                    (abs)        00000
__CFG_LPBOR$OFF                                   (abs)        00000
__CFG_LVP$OFF                                     (abs)        00000
__CFG_MCLRE$OFF                                   (abs)        00000
__CFG_PWRTE$OFF                                   (abs)        00000
__CFG_STVREN$OFF                                  (abs)        00000
__CFG_VCAPEN$OFF                                  (abs)        00000
__CFG_WDTE$OFF                                    (abs)        00000
__CFG_WRT$OFF                                     (abs)        00000
__Habs1                                           abs1         00000
__Hbank0                                          bank0        00000
__Hbank1                                          bank1        00000
__Hbank10                                         bank10       00000
__Hbank11                                         bank11       00000
__Hbank12                                         bank12       00000
__Hbank13                                         bank13       00000
__Hbank14                                         bank14       00000
__Hbank15                                         bank15       00000
__Hbank16                                         bank16       00000
__Hbank17                                         bank17       00000
__Hbank18                                         bank18       00000
__Hbank19                                         bank19       00000
__Hbank2                                          bank2        00000
__Hbank20                                         bank20       00000
__Hbank21                                         bank21       00000
__Hbank22                                         bank22       00000
__Hbank23                                         bank23       00000
__Hbank24                                         bank24       00000
__Hbank25                                         bank25       00000
__Hbank26                                         bank26       00000
__Hbank27                                         bank27       00000
__Hbank28                                         bank28       00000
__Hbank29                                         bank29       00000
__Hbank3                                          bank3        00000
__Hbank30                                         bank30       00000
__Hbank31                                         bank31       00000
__Hbank4                                          bank4        00000
__Hbank5                                          bank5        00000
__Hbank6                                          bank6        00000
__Hbank7                                          bank7        00000
__Hbank8                                          bank8        00000
__Hbank9                                          bank9        00000
__Hbigram                                         bigram       00000
__HbssBANK0                                       bssBANK0     00000
__Hcinit                                          cinit        002E0
__Hclrtext                                        clrtext      00000
__Hcode                                           code         00000
__Hcommon                                         common       00000
__Hconfig                                         config       08009
__HcstackBANK0                                    cstackBANK0  00000
__HcstackBANK1                                    cstackBANK1  00000
__HcstackCOMMON                                   cstackCOMMON 00000
__HdataBANK0                                      dataBANK0    00000
__HdataBANK1                                      dataBANK1    00000
__HdataBANK2                                      dataBANK2    00000
__HdataCOMMON                                     dataCOMMON   00000
__Heeprom_data                                    eeprom_data  00000
__Hend_init                                       end_init     002A1
__Hfunctab                                        functab      00000
__HidataBANK0                                     idataBANK0   00000
__HidataBANK1                                     idataBANK1   00000
__HidataBANK2                                     idataBANK2   00000
__HidataCOMMON                                    idataCOMMON  00000
__Hidloc                                          idloc        00000
__Hinit                                           init         0029F
__Hinittext                                       inittext     00000
__Hintentry                                       intentry     0029F
__Hmaintext                                       maintext     00000
__HnvBANK0                                        nvBANK0      00000
__HnvBANK1                                        nvBANK1      00000
__Hpowerup                                        powerup      00000
__Hram                                            ram          00000
__Hreset_vec                                      reset_vec    00002
__Hsfr0                                           sfr0         00000
__Hsfr1                                           sfr1         00000
__Hsfr10                                          sfr10        00000
__Hsfr11                                          sfr11        00000
__Hsfr12                                          sfr12        00000
__Hsfr13                                          sfr13        00000
__Hsfr14                                          sfr14        00000
__Hsfr15                                          sfr15        00000
__Hsfr16                                          sfr16        00000
__Hsfr17                                          sfr17        00000
__Hsfr18                                          sfr18        00000
__Hsfr19                                          sfr19        00000
__Hsfr2                                           sfr2         00000
__Hsfr20                                          sfr20        00000
__Hsfr21                                          sfr21        00000
__Hsfr22                                          sfr22        00000
__Hsfr23                                          sfr23        00000
__Hsfr24                                          sfr24        00000
__Hsfr25                                          sfr25        00000
__Hsfr26                                          sfr26        00000
__Hsfr27                                          sfr27        00000
__Hsfr28                                          sfr28        00000
__Hsfr29                                          sfr29        00000
__Hsfr3                                           sfr3         00000
__Hsfr30                                          sfr30        00000
__Hsfr31                                          sfr31        00000
__Hsfr4                                           sfr4         00000
__Hsfr5                                           sfr5         00000
__Hsfr6                                           sfr6         00000
__Hsfr7                                           sfr7         00000
__Hsfr8                                           sfr8         00000
__Hsfr9                                           sfr9         00000
__Hspace_0                                        (abs)        08009
__Hspace_1                                        (abs)        0016A
__Hspace_2                                        (abs)        00000
__Hspace_3                                        (abs)        00000
__Hstack                                          stack        00000
__Hstrings                                        strings      00000
__Hstringtext1                                    stringtext1  00000
__Hstringtext2                                    stringtext2  00000
__Htext                                           text         00000
__Labs1                                           abs1         00000
__Lbank0                                          bank0        00000
__Lbank1                                          bank1        00000
__Lbank10                                         bank10       00000
__Lbank11                                         bank11       00000
__Lbank12                                         bank12       00000
__Lbank13                                         bank13       00000
__Lbank14                                         bank14       00000
__Lbank15                                         bank15       00000
__Lbank16                                         bank16       00000
__Lbank17                                         bank17       00000
__Lbank18                                         bank18       00000
__Lbank19                                         bank19       00000
__Lbank2                                          bank2        00000
__Lbank20                                         bank20       00000
__Lbank21                                         bank21       00000
__Lbank22                                         bank22       00000
__Lbank23                                         bank23       00000
__Lbank24                                         bank24       00000
__Lbank25                                         bank25       00000
__Lbank26                                         bank26       00000
__Lbank27                                         bank27       00000
__Lbank28                                         bank28       00000
__Lbank29                                         bank29       00000
__Lbank3                                          bank3        00000
__Lbank30                                         bank30       00000
__Lbank31                                         bank31       00000
__Lbank4                                          bank4        00000
__Lbank5                                          bank5        00000
__Lbank6                                          bank6        00000
__Lbank7                                          bank7        00000
__Lbank8                                          bank8        00000
__Lbank9                                          bank9        00000
__Lbigram                                         bigram       00000
__LbssBANK0                                       bssBANK0     00000
__Lcinit                                          cinit        002A1
__Lclrtext                                        clrtext      00000
__Lcode                                           code         00000
__Lcommon                                         common       00000
__Lconfig                                         config       08007
__LcstackBANK0                                    cstackBANK0  00000
__LcstackBANK1                                    cstackBANK1  00000
__LcstackCOMMON                                   cstackCOMMON 00000
__LdataBANK0                                      dataBANK0    00000
__LdataBANK1                                      dataBANK1    00000
__LdataBANK2                                      dataBANK2    00000
__LdataCOMMON                                     dataCOMMON   00000
__Leeprom_data                                    eeprom_data  00000
__Lend_init                                       end_init     0029F
__Lfunctab                                        functab      00000
__LidataBANK0                                     idataBANK0   00000
__LidataBANK1                                     idataBANK1   00000
__LidataBANK2                                     idataBANK2   00000
__LidataCOMMON                                    idataCOMMON  00000
__Lidloc                                          idloc        00000
__Linit                                           init         0029F
__Linittext                                       inittext     00000
__Lintentry                                       intentry     00004
__Lmaintext                                       maintext     00000
__LnvBANK0                                        nvBANK0      00000
__LnvBANK1                                        nvBANK1      00000
__Lpowerup                                        powerup      00000
__Lram                                            ram          00000
__Lreset_vec                                      reset_vec    00000
__Lsfr0                                           sfr0         00000
__Lsfr1                                           sfr1         00000
__Lsfr10                                          sfr10        00000
__Lsfr11                                          sfr11        00000
__Lsfr12                                          sfr12        00000
__Lsfr13                                          sfr13        00000
__Lsfr14                                          sfr14        00000
__Lsfr15                                          sfr15        00000
__Lsfr16                                          sfr16        00000
__Lsfr17                                          sfr17        00000
__Lsfr18                                          sfr18        00000
__Lsfr19                                          sfr19        00000
__Lsfr2                                           sfr2         00000
__Lsfr20                                          sfr20        00000
__Lsfr21                                          sfr21        00000
__Lsfr22                                          sfr22        00000
__Lsfr23                                          sfr23        00000
__Lsfr24                                          sfr24        00000
__Lsfr25                                          sfr25        00000
__Lsfr26                                          sfr26        00000
__Lsfr27                                          sfr27        00000
__Lsfr28                                          sfr28        00000
__Lsfr29                                          sfr29        00000
__Lsfr3                                           sfr3         00000
__Lsfr30                                          sfr30        00000
__Lsfr31                                          sfr31        00000
__Lsfr4                                           sfr4         00000
__Lsfr5                                           sfr5         00000
__Lsfr6                                           sfr6         00000
__Lsfr7                                           sfr7         00000
__Lsfr8                                           sfr8         00000
__Lsfr9                                           sfr9         00000
__Lspace_0                                        (abs)        00000
__Lspace_1                                        (abs)        00000
__Lspace_2                                        (abs)        00000
__Lspace_3                                        (abs)        00000
__Lstack                                          stack        00000
__Lstrings                                        strings      00000
__Lstringtext1                                    stringtext1  00000
__Lstringtext2                                    stringtext2  00000
__Ltext                                           text         00000
__S0                                              (abs)        08009
__S1                                              (abs)        0016A
__S2                                              (abs)        00000
___int_sp                                         stack        00000
___latbits                                        (abs)        00002
___sp                                             stack        00000
___wmul                                           text8        007D5
___wmul@multiplicand                              cstackBANK0  00022
___wmul@multiplier                                cstackBANK0  00020
___wmul@product                                   cstackBANK0  00024
__end_of_CCP9_Initialize                          text14       00F5D
__end_of_EUSART2_Initialize                       text13       00FD1
__end_of_EUSART_Initialize                        text12       00FE7
__end_of_GPIO_pin_Initialize                      text17       00FBB
__end_of_TMR1_Initialize                          text11       00F68
__end_of_TMR3_Initialize                          text10       00F74
__end_of___wmul                                   text8        007F1
__end_of__initialization                          cinit        002DC
__end_of_actiontouchPanel                         text15       00614
__end_of_allPeripheralInit                        text9        00F90
__end_of_applianceControl                         text4        0059B
__end_of_atoi                                     text6        0067F
__end_of_clearAllPorts                            text19       00F47
__end_of_copyReceivedDataBuffer                   text3        0076B
__end_of_copyTouchpanelReceiveDataBuffer          text2        0079A
__end_of_errorsISR                                text21       01000
__end_of_errorsMain                               text1        007D5
__end_of_isdigit                                  text7        00800
__end_of_isr                                      intentry     0029F
__end_of_main                                     maintext     00469
__end_of_pinINIT_extra                            text18       00FA5
__end_of_sendAcknowledgment                       text5        007B8
__end_of_sendFeedback_TO_Gateway                  text16       0073A
__initialization                                  cinit        002A1
__pbssBANK0                                       bssBANK0     00056
__pcstackBANK0                                    cstackBANK0  00020
__pcstackBANK1                                    cstackBANK1  000DC
__pcstackCOMMON                                   cstackCOMMON 00076
__pdataBANK0                                      dataBANK0    00049
__pdataBANK1                                      dataBANK1    000A0
__pdataBANK2                                      dataBANK2    00120
__pdataCOMMON                                     dataCOMMON   00070
__pidataBANK0                                     idataBANK0   00F74
__pidataBANK1                                     idataBANK1   006C9
__pidataBANK2                                     idataBANK2   0067F
__pidataCOMMON                                    idataCOMMON  00F4D
__pintentry                                       intentry     00004
__pmaintext                                       maintext     002E0
__pnvBANK0                                        nvBANK0      00062
__pnvBANK1                                        nvBANK1      000E4
__pstringtext1                                    stringtext1  01000
__pstringtext2                                    stringtext2  00000
__pswtext1                                        swtext1      00800
__pswtext10                                       swtext10     008B4
__pswtext11                                       swtext11     008C8
__pswtext2                                        swtext2      00814
__pswtext3                                        swtext3      00828
__pswtext4                                        swtext4      0083C
__pswtext5                                        swtext5      00850
__pswtext6                                        swtext6      00864
__pswtext7                                        swtext7      00878
__pswtext8                                        swtext8      0088C
__pswtext9                                        swtext9      008A0
__ptext1                                          text1        007B8
__ptext10                                         text10       00F68
__ptext11                                         text11       00F5D
__ptext12                                         text12       00FD1
__ptext13                                         text13       00FBB
__ptext14                                         text14       00F53
__ptext15                                         text15       0059B
__ptext16                                         text16       00705
__ptext17                                         text17       00FA5
__ptext18                                         text18       00F90
__ptext19                                         text19       00F43
__ptext2                                          text2        0076B
__ptext21                                         text21       00FE7
__ptext3                                          text3        0073A
__ptext4                                          text4        00469
__ptext5                                          text5        0079A
__ptext6                                          text6        00614
__ptext7                                          text7        007F1
__ptext8                                          text8        007D5
__ptext9                                          text9        00F81
__size_of_CCP9_Initialize                         (abs)        00000
__size_of_EUSART2_Initialize                      (abs)        00000
__size_of_EUSART_Initialize                       (abs)        00000
__size_of_GPIO_pin_Initialize                     (abs)        00000
__size_of_TMR1_Initialize                         (abs)        00000
__size_of_TMR3_Initialize                         (abs)        00000
__size_of___wmul                                  (abs)        00000
__size_of_actiontouchPanel                        (abs)        00000
__size_of_allPeripheralInit                       (abs)        00000
__size_of_applianceControl                        (abs)        00000
__size_of_atoi                                    (abs)        00000
__size_of_clearAllPorts                           (abs)        00000
__size_of_copyReceivedDataBuffer                  (abs)        00000
__size_of_copyTouchpanelReceiveDataBuffer         (abs)        00000
__size_of_errorsISR                               (abs)        00000
__size_of_errorsMain                              (abs)        00000
__size_of_isdigit                                 (abs)        00000
__size_of_isr                                     (abs)        00000
__size_of_main                                    (abs)        00000
__size_of_pinINIT_extra                           (abs)        00000
__size_of_sendAcknowledgment                      (abs)        00000
__size_of_sendFeedback_TO_Gateway                 (abs)        00000
_actiontouchPanel                                 text15       0059B
_allPeripheralInit                                text9        00F81
_applianceControl                                 text4        00469
_atoi                                             text6        00614
_checkFlag                                        bssBANK0     00060
_clearAllPorts                                    text19       00F43
_copyReceivedDataBuffer                           text3        0073A
_copyTouchpanelReceiveDataBuffer                  text2        0076B
_copy_parentalLockBuffer                          dataBANK1    000C8
_currentStateBuffer                               dataBANK2    00140
_errorsISR                                        text21       00FE7
_errorsMain                                       text1        007B8
_isdigit                                          text7        007F1
_isdigit$973                                      cstackBANK0  00020
_isr                                              intentry     00004
_levelofDimmer_LSB                                dataCOMMON   00070
_levelofDimmer_MSB                                dataBANK0    00055
_main                                             maintext     002E0
_mainDataReceived                                 bssBANK0     0005C
_mainReceivedDataBuffer                           dataBANK2    00120
_mainReceivedDataPosition                         bssBANK0     0005E
_parentalLockBuffer                               dataBANK1    000D2
_pinINIT_extra                                    text18       00F90
_sendAcknowledgment                               text5        0079A
_sendFeedback_TO_Gateway                          text16       00705
_start_PWM_Generation_in_ISR_FLAG                 bssBANK0     00056
_tempReceiveTouchpanelDataBuffer                  dataBANK0    00049
_tempReceivedDataBuffer                           dataBANK1    000A0
_touchPanelDataReceived                           bssBANK0     00058
_touchpanelReceivedataPosition                    bssBANK0     0005A
_touchpanleReceivedDatabuffer                     dataBANK1    000B8
actiontouchPanel@SwNum                            cstackBANK0  00029
actiontouchPanel@Sw_speed                         cstackBANK0  00024
actiontouchPanel@Switch_Num                       cstackBANK0  0002B
actiontouchPanel@ch_sw_num                        cstackBANK0  00028
actiontouchPanel@int_swSpeed                      cstackBANK0  00026
actiontouchPanel@sw_status                        cstackBANK0  00023
actiontouchPanel@switch_status                    cstackBANK0  0002C
applianceControl@F3724                            dataBANK0    00053
applianceControl@F3726                            dataBANK0    00051
applianceControl@chDimmerSpeedLSB                 cstackBANK0  00031
applianceControl@chDimmerSpeedMSB                 cstackBANK0  00030
applianceControl@charFinalFrameState              cstackBANK0  00033
applianceControl@charParentalControl              cstackBANK0  00032
applianceControl@charSwitchLSB                    cstackBANK0  0002E
applianceControl@charSwitchMSB                    cstackBANK0  00038
applianceControl@charSwitchSTATE                  cstackBANK0  0002F
applianceControl@currentStateBufferPositions      cstackBANK0  00041
applianceControl@dimmerSpeedStringBuffer          cstackBANK0  0003B
applianceControl@integerSpeed                     cstackBANK0  00036
applianceControl@integerSwitchNumber              cstackBANK0  0003F
applianceControl@integerSwitchState               cstackBANK0  0003D
applianceControl@switchNumberStringBuffer         cstackBANK0  00039
atoi@a                                            cstackBANK0  0002B
atoi@s                                            cstackBANK0  0002D
atoi@sign                                         cstackBANK0  0002A
btemp                                             (abs)        0007E
copyReceivedDataBuffer@dataBufferCounter          cstackBANK0  00021
copyTouchpanelReceiveDataBuffer@dataBufferCounter cstackBANK0  00021
end_of_initialization                             cinit        002DC
errorsISR@Tx_count                                cstackCOMMON 00077
errorsISR@errNum                                  cstackCOMMON 00079
errorsMain@Tx_count                               cstackBANK0  00021
errorsMain@errNum                                 cstackBANK0  00023
init_ram                                          inittext     00F47
int$flags                                         (abs)        0007E
intlevel0                                         functab      00000
intlevel1                                         functab      00000
intlevel2                                         functab      00000
intlevel3                                         functab      00000
intlevel4                                         functab      00000
intlevel5                                         functab      00000
isdigit@c                                         cstackBANK0  00021
main@dataBufferCounter                            cstackBANK1  000E0
main@dataBufferCounter_730                        cstackBANK1  000E2
main@end_flag                                     cstackBANK1  000DE
main@start_flag                                   cstackBANK1  000DC
reset_vec                                         reset_vec    00000
sendAcknowledgment@Tx_count                       cstackBANK0  00021
sendAcknowledgment@currentStateBuffer             cstackBANK0  00023
sendFeedback_TO_Gateway@sw_number                 cstackBANK0  00022
sendFeedback_TO_Gateway@sw_status                 cstackBANK0  00020
stackhi                                           (abs)        022EF
stacklo                                           (abs)        020EA
start                                             init         0029F
start_initialization                              cinit        002A1
wtemp0                                            (abs)        0007E


FUNCTION INFORMATION:

 *************** function _main *****************
 Defined at:
		line 869 in file "../master_eight.c"
 Parameters:    Size  Location     Type
		None
 Auto vars:     Size  Location     Type
  dataBufferCo    2    6[BANK1 ] int 
  dataBufferCo    2    4[BANK1 ] int 
  end_flag        2    2[BANK1 ] int 
  start_flag      2    0[BANK1 ] int 
 Return value:  Size  Location     Type
                  2  394[None  ] int 
 Registers used:
		wreg, fsr0l, fsr0h, fsr1l, fsr1h, status,2, status,0, pclath, cstack
 Tracked objects:
		On entry : 
		On exit  : 
		Unchanged: 
 Data sizes:     COMMON   BANK0   BANK1   BANK2   BANK3   BANK4   BANK5   BANK6   BANK7   BANK8   BANK9
      Params:         0       0       0       0       0       0       0       0       0       0       0
      Locals:         0       0       8       0       0       0       0       0       0       0       0
      Temps:          0       6       0       0       0       0       0       0       0       0       0
      Totals:         0       6       8       0       0       0       0       0       0       0       0
Total ram usage:       14 bytes
 Hardware stack levels required when called:    5
 This function calls:
		_GPIO_pin_Initialize
		_actiontouchPanel
		_allPeripheralInit
		_applianceControl
		_copyReceivedDataBuffer
		_copyTouchpanelReceiveDataBuffer
		_errorsMain
		_sendFeedback_TO_Gateway
 This function is called by:
		Startup code after reset
 This function uses a non-reentrant model


 *************** function _errorsMain *****************
 Defined at:
		line 1216 in file "../master_eight.c"
 Parameters:    Size  Location     Type
  errNum          1    wreg     PTR unsigned char 
		 -> ErrorNames(5), 
 Auto vars:     Size  Location     Type
  errNum          1    3[BANK0 ] PTR unsigned char 
		 -> ErrorNames(5), 
  Tx_count        2    1[BANK0 ] int 
 Return value:  Size  Location     Type
                  1    wreg      void 
 Registers used:
		wreg, fsr1l, fsr1h, status,2, status,0
 Tracked objects:
		On entry : 
		On exit  : 
		Unchanged: 
 Data sizes:     COMMON   BANK0   BANK1   BANK2   BANK3   BANK4   BANK5   BANK6   BANK7   BANK8   BANK9
      Params:         0       0       0       0       0       0       0       0       0       0       0
      Locals:         0       3       0       0       0       0       0       0       0       0       0
      Temps:          0       1       0       0       0       0       0       0       0       0       0
      Totals:         0       4       0       0       0       0       0       0       0       0       0
Total ram usage:        4 bytes
 Hardware stack levels used:    1
 Hardware stack levels required when called:    2
 This function calls:
		Nothing
 This function is called by:
		_main
 This function uses a non-reentrant model


 *************** function _copyTouchpanelReceiveDataBuffer *****************
 Defined at:
		line 1245 in file "../master_eight.c"
 Parameters:    Size  Location     Type
		None
 Auto vars:     Size  Location     Type
  dataBufferCo    2    1[BANK0 ] int 
 Return value:  Size  Location     Type
                  1    wreg      void 
 Registers used:
		wreg, fsr1l, fsr1h, status,2, status,0
 Tracked objects:
		On entry : 
		On exit  : 
		Unchanged: 
 Data sizes:     COMMON   BANK0   BANK1   BANK2   BANK3   BANK4   BANK5   BANK6   BANK7   BANK8   BANK9
      Params:         0       0       0       0       0       0       0       0       0       0       0
      Locals:         0       2       0       0       0       0       0       0       0       0       0
      Temps:          0       1       0       0       0       0       0       0       0       0       0
      Totals:         0       3       0       0       0       0       0       0       0       0       0
Total ram usage:        3 bytes
 Hardware stack levels used:    1
 Hardware stack levels required when called:    2
 This function calls:
		Nothing
 This function is called by:
		_main
 This function uses a non-reentrant model


 *************** function _copyReceivedDataBuffer *****************
 Defined at:
		line 1238 in file "../master_eight.c"
 Parameters:    Size  Location     Type
		None
 Auto vars:     Size  Location     Type
  dataBufferCo    2    1[BANK0 ] int 
 Return value:  Size  Location     Type
                  1    wreg      void 
 Registers used:
		wreg, fsr1l, fsr1h, status,2, status,0
 Tracked objects:
		On entry : 
		On exit  : 
		Unchanged: 
 Data sizes:     COMMON   BANK0   BANK1   BANK2   BANK3   BANK4   BANK5   BANK6   BANK7   BANK8   BANK9
      Params:         0       0       0       0       0       0       0       0       0       0       0
      Locals:         0       2       0       0       0       0       0       0       0       0       0
      Temps:          0       1       0       0       0       0       0       0       0       0       0
      Totals:         0       3       0       0       0       0       0       0       0       0       0
Total ram usage:        3 bytes
 Hardware stack levels used:    1
 Hardware stack levels required when called:    2
 This function calls:
		Nothing
 This function is called by:
		_main
 This function uses a non-reentrant model


 *************** function _applianceControl *****************
 Defined at:
		line 9 in file "../application.h"
 Parameters:    Size  Location     Type
  charSwitchMS    1    wreg     unsigned char 
  charSwitchLS    1   14[BANK0 ] unsigned char 
  charSwitchST    1   15[BANK0 ] unsigned char 
  chDimmerSpee    1   16[BANK0 ] unsigned char 
  chDimmerSpee    1   17[BANK0 ] unsigned char 
  charParental    1   18[BANK0 ] unsigned char 
  charFinalFra    1   19[BANK0 ] unsigned char 
 Auto vars:     Size  Location     Type
  charSwitchMS    1   24[BANK0 ] unsigned char 
  currentState    2   33[BANK0 ] int 
  integerSwitc    2   31[BANK0 ] int 
  dimmerSpeedS    2   27[BANK0 ] unsigned char [2]
  switchNumber    2   25[BANK0 ] unsigned char [2]
  integerSwitc    2   29[BANK0 ] int 
  integerSpeed    2   22[BANK0 ] int 
 Return value:  Size  Location     Type
                  1    wreg      void 
 Registers used:
		wreg, fsr0l, fsr0h, fsr1l, fsr1h, status,2, status,0, pclath, cstack
 Tracked objects:
		On entry : 
		On exit  : 
		Unchanged: 
 Data sizes:     COMMON   BANK0   BANK1   BANK2   BANK3   BANK4   BANK5   BANK6   BANK7   BANK8   BANK9
      Params:         0       6       0       0       0       0       0       0       0       0       0
      Locals:         0      13       0       0       0       0       0       0       0       0       0
      Temps:          0       2       0       0       0       0       0       0       0       0       0
      Totals:         0      21       0       0       0       0       0       0       0       0       0
Total ram usage:       21 bytes
 Hardware stack levels used:    1
 Hardware stack levels required when called:    4
 This function calls:
		_atoi
		_sendAcknowledgment
 This function is called by:
		_main
 This function uses a non-reentrant model


 *************** function _sendAcknowledgment *****************
 Defined at:
		line 1226 in file "../master_eight.c"
 Parameters:    Size  Location     Type
  currentState    1    wreg     PTR unsigned char 
		 -> currentStateBuffer(42), 
 Auto vars:     Size  Location     Type
  currentState    1    3[BANK0 ] PTR unsigned char 
		 -> currentStateBuffer(42), 
  Tx_count        2    1[BANK0 ] int 
 Return value:  Size  Location     Type
                  1    wreg      void 
 Registers used:
		wreg, fsr1l, fsr1h, status,2, status,0
 Tracked objects:
		On entry : 
		On exit  : 
		Unchanged: 
 Data sizes:     COMMON   BANK0   BANK1   BANK2   BANK3   BANK4   BANK5   BANK6   BANK7   BANK8   BANK9
      Params:         0       0       0       0       0       0       0       0       0       0       0
      Locals:         0       3       0       0       0       0       0       0       0       0       0
      Temps:          0       1       0       0       0       0       0       0       0       0       0
      Totals:         0       4       0       0       0       0       0       0       0       0       0
Total ram usage:        4 bytes
 Hardware stack levels used:    1
 Hardware stack levels required when called:    2
 This function calls:
		Nothing
 This function is called by:
		_applianceControl
 This function uses a non-reentrant model


 *************** function _atoi *****************
 Defined at:
		line 5 in file "C:\Program Files (x86)\Microchip\xc8\v1.45\sources\common\atoi.c"
 Parameters:    Size  Location     Type
  s               1    wreg     PTR const unsigned char 
		 -> applianceControl@dimmerSpeedStringBuffer(2), applianceControl@switchNumberStringBuffer(2), 
 Auto vars:     Size  Location     Type
  s               1   13[BANK0 ] PTR const unsigned char 
		 -> applianceControl@dimmerSpeedStringBuffer(2), applianceControl@switchNumberStringBuffer(2), 
  a               2   11[BANK0 ] int 
  sign            1   10[BANK0 ] unsigned char 
 Return value:  Size  Location     Type
                  2    6[BANK0 ] int 
 Registers used:
		wreg, fsr1l, fsr1h, status,2, status,0, pclath, cstack
 Tracked objects:
		On entry : 
		On exit  : 
		Unchanged: 
 Data sizes:     COMMON   BANK0   BANK1   BANK2   BANK3   BANK4   BANK5   BANK6   BANK7   BANK8   BANK9
      Params:         0       2       0       0       0       0       0       0       0       0       0
      Locals:         0       4       0       0       0       0       0       0       0       0       0
      Temps:          0       2       0       0       0       0       0       0       0       0       0
      Totals:         0       8       0       0       0       0       0       0       0       0       0
Total ram usage:        8 bytes
 Hardware stack levels used:    1
 Hardware stack levels required when called:    3
 This function calls:
		___wmul
		_isdigit
 This function is called by:
		_applianceControl
 This function uses a non-reentrant model


 *************** function _isdigit *****************
 Defined at:
		line 8 in file "C:\Program Files (x86)\Microchip\xc8\v1.45\sources\common\isdigit.c"
 Parameters:    Size  Location     Type
  c               1    wreg     unsigned char 
 Auto vars:     Size  Location     Type
  c               1    1[BANK0 ] unsigned char 
 Return value:  Size  Location     Type
		None               void
 Registers used:
		wreg, status,2, status,0
 Tracked objects:
		On entry : 
		On exit  : 
		Unchanged: 
 Data sizes:     COMMON   BANK0   BANK1   BANK2   BANK3   BANK4   BANK5   BANK6   BANK7   BANK8   BANK9
      Params:         0       0       0       0       0       0       0       0       0       0       0
      Locals:         0       2       0       0       0       0       0       0       0       0       0
      Temps:          0       0       0       0       0       0       0       0       0       0       0
      Totals:         0       2       0       0       0       0       0       0       0       0       0
Total ram usage:        2 bytes
 Hardware stack levels used:    1
 Hardware stack levels required when called:    2
 This function calls:
		Nothing
 This function is called by:
		_atoi
 This function uses a non-reentrant model


 *************** function ___wmul *****************
 Defined at:
		line 15 in file "C:\Program Files (x86)\Microchip\xc8\v1.45\sources\common\Umul16.c"
 Parameters:    Size  Location     Type
  multiplier      2    0[BANK0 ] unsigned int 
  multiplicand    2    2[BANK0 ] unsigned int 
 Auto vars:     Size  Location     Type
  product         2    4[BANK0 ] unsigned int 
 Return value:  Size  Location     Type
                  2    0[BANK0 ] unsigned int 
 Registers used:
		wreg, status,2, status,0
 Tracked objects:
		On entry : 
		On exit  : 
		Unchanged: 
 Data sizes:     COMMON   BANK0   BANK1   BANK2   BANK3   BANK4   BANK5   BANK6   BANK7   BANK8   BANK9
      Params:         0       4       0       0       0       0       0       0       0       0       0
      Locals:         0       2       0       0       0       0       0       0       0       0       0
      Temps:          0       0       0       0       0       0       0       0       0       0       0
      Totals:         0       6       0       0       0       0       0       0       0       0       0
Total ram usage:        6 bytes
 Hardware stack levels used:    1
 Hardware stack levels required when called:    2
 This function calls:
		Nothing
 This function is called by:
		_atoi
 This function uses a non-reentrant model


 *************** function _allPeripheralInit *****************
 Defined at:
		line 1011 in file "../master_eight.c"
 Parameters:    Size  Location     Type
		None
 Auto vars:     Size  Location     Type
		None
 Return value:  Size  Location     Type
                  1    wreg      void 
 Registers used:
		wreg, status,2, status,0, pclath, cstack
 Tracked objects:
		On entry : 
		On exit  : 
		Unchanged: 
 Data sizes:     COMMON   BANK0   BANK1   BANK2   BANK3   BANK4   BANK5   BANK6   BANK7   BANK8   BANK9
      Params:         0       0       0       0       0       0       0       0       0       0       0
      Locals:         0       0       0       0       0       0       0       0       0       0       0
      Temps:          0       0       0       0       0       0       0       0       0       0       0
      Totals:         0       0       0       0       0       0       0       0       0       0       0
Total ram usage:        0 bytes
 Hardware stack levels used:    1
 Hardware stack levels required when called:    3
 This function calls:
		_CCP9_Initialize
		_EUSART2_Initialize
		_EUSART_Initialize
		_TMR1_Initialize
		_TMR3_Initialize
 This function is called by:
		_main
 This function uses a non-reentrant model


 *************** function _TMR3_Initialize *****************
 Defined at:
		line 1129 in file "../master_eight.c"
 Parameters:    Size  Location     Type
		None
 Auto vars:     Size  Location     Type
		None
 Return value:  Size  Location     Type
                  1    wreg      void 
 Registers used:
		status,2
 Tracked objects:
		On entry : 
		On exit  : 
		Unchanged: 
 Data sizes:     COMMON   BANK0   BANK1   BANK2   BANK3   BANK4   BANK5   BANK6   BANK7   BANK8   BANK9
      Params:         0       0       0       0       0       0       0       0       0       0       0
      Locals:         0       0       0       0       0       0       0       0       0       0       0
      Temps:          0       0       0       0       0       0       0       0       0       0       0
      Totals:         0       0       0       0       0       0       0       0       0       0       0
Total ram usage:        0 bytes
 Hardware stack levels used:    1
 Hardware stack levels required when called:    2
 This function calls:
		Nothing
 This function is called by:
		_allPeripheralInit
 This function uses a non-reentrant model


 *************** function _TMR1_Initialize *****************
 Defined at:
		line 1098 in file "../master_eight.c"
 Parameters:    Size  Location     Type
		None
 Auto vars:     Size  Location     Type
		None
 Return value:  Size  Location     Type
                  1    wreg      void 
 Registers used:
		status,2
 Tracked objects:
		On entry : 
		On exit  : 
		Unchanged: 
 Data sizes:     COMMON   BANK0   BANK1   BANK2   BANK3   BANK4   BANK5   BANK6   BANK7   BANK8   BANK9
      Params:         0       0       0       0       0       0       0       0       0       0       0
      Locals:         0       0       0       0       0       0       0       0       0       0       0
      Temps:          0       0       0       0       0       0       0       0       0       0       0
      Totals:         0       0       0       0       0       0       0       0       0       0       0
Total ram usage:        0 bytes
 Hardware stack levels used:    1
 Hardware stack levels required when called:    2
 This function calls:
		Nothing
 This function is called by:
		_allPeripheralInit
 This function uses a non-reentrant model


 *************** function _EUSART_Initialize *****************
 Defined at:
		line 1023 in file "../master_eight.c"
 Parameters:    Size  Location     Type
		None
 Auto vars:     Size  Location     Type
		None
 Return value:  Size  Location     Type
                  1    wreg      void 
 Registers used:
		wreg
 Tracked objects:
		On entry : 
		On exit  : 
		Unchanged: 
 Data sizes:     COMMON   BANK0   BANK1   BANK2   BANK3   BANK4   BANK5   BANK6   BANK7   BANK8   BANK9
      Params:         0       0       0       0       0       0       0       0       0       0       0
      Locals:         0       0       0       0       0       0       0       0       0       0       0
      Temps:          0       0       0       0       0       0       0       0       0       0       0
      Totals:         0       0       0       0       0       0       0       0       0       0       0
Total ram usage:        0 bytes
 Hardware stack levels used:    1
 Hardware stack levels required when called:    2
 This function calls:
		Nothing
 This function is called by:
		_allPeripheralInit
 This function uses a non-reentrant model


 *************** function _EUSART2_Initialize *****************
 Defined at:
		line 1060 in file "../master_eight.c"
 Parameters:    Size  Location     Type
		None
 Auto vars:     Size  Location     Type
		None
 Return value:  Size  Location     Type
                  1    wreg      void 
 Registers used:
		wreg
 Tracked objects:
		On entry : 
		On exit  : 
		Unchanged: 
 Data sizes:     COMMON   BANK0   BANK1   BANK2   BANK3   BANK4   BANK5   BANK6   BANK7   BANK8   BANK9
      Params:         0       0       0       0       0       0       0       0       0       0       0
      Locals:         0       0       0       0       0       0       0       0       0       0       0
      Temps:          0       0       0       0       0       0       0       0       0       0       0
      Totals:         0       0       0       0       0       0       0       0       0       0       0
Total ram usage:        0 bytes
 Hardware stack levels used:    1
 Hardware stack levels required when called:    2
 This function calls:
		Nothing
 This function is called by:
		_allPeripheralInit
 This function uses a non-reentrant model


 *************** function _CCP9_Initialize *****************
 Defined at:
		line 1159 in file "../master_eight.c"
 Parameters:    Size  Location     Type
		None
 Auto vars:     Size  Location     Type
		None
 Return value:  Size  Location     Type
                  1    wreg      void 
 Registers used:
		wreg, status,2
 Tracked objects:
		On entry : 
		On exit  : 
		Unchanged: 
 Data sizes:     COMMON   BANK0   BANK1   BANK2   BANK3   BANK4   BANK5   BANK6   BANK7   BANK8   BANK9
      Params:         0       0       0       0       0       0       0       0       0       0       0
      Locals:         0       0       0       0       0       0       0       0       0       0       0
      Temps:          0       0       0       0       0       0       0       0       0       0       0
      Totals:         0       0       0       0       0       0       0       0       0       0       0
Total ram usage:        0 bytes
 Hardware stack levels used:    1
 Hardware stack levels required when called:    2
 This function calls:
		Nothing
 This function is called by:
		_allPeripheralInit
 This function uses a non-reentrant model


 *************** function _actiontouchPanel *****************
 Defined at:
		line 1 in file "../actionTouchpanel.h"
 Parameters:    Size  Location     Type
  Switch_Num      1    wreg     unsigned char 
  sw_status       1    3[BANK0 ] unsigned char 
  Sw_speed        1    4[BANK0 ] unsigned char 
 Auto vars:     Size  Location     Type
  Switch_Num      1   11[BANK0 ] unsigned char 
  switch_statu    2   12[BANK0 ] int 
  SwNum           2    9[BANK0 ] int 
  int_swSpeed     2    6[BANK0 ] int 
  ch_sw_num       1    8[BANK0 ] unsigned char 
 Return value:  Size  Location     Type
                  1    wreg      void 
 Registers used:
		wreg, fsr0l, fsr0h, status,2, status,0, pclath, cstack
 Tracked objects:
		On entry : 
		On exit  : 
		Unchanged: 
 Data sizes:     COMMON   BANK0   BANK1   BANK2   BANK3   BANK4   BANK5   BANK6   BANK7   BANK8   BANK9
      Params:         0       2       0       0       0       0       0       0       0       0       0
      Locals:         0       8       0       0       0       0       0       0       0       0       0
      Temps:          0       1       0       0       0       0       0       0       0       0       0
      Totals:         0      11       0       0       0       0       0       0       0       0       0
Total ram usage:       11 bytes
 Hardware stack levels used:    1
 Hardware stack levels required when called:    3
 This function calls:
		_sendFeedback_TO_Gateway
 This function is called by:
		_main
 This function uses a non-reentrant model


 *************** function _sendFeedback_TO_Gateway *****************
 Defined at:
		line 1199 in file "../master_eight.c"
 Parameters:    Size  Location     Type
  sw_number       1    wreg     unsigned char 
  sw_status       1    0[BANK0 ] unsigned char 
 Auto vars:     Size  Location     Type
  sw_number       1    2[BANK0 ] unsigned char 
 Return value:  Size  Location     Type
                  1    wreg      void 
 Registers used:
		wreg
 Tracked objects:
		On entry : 
		On exit  : 
		Unchanged: 
 Data sizes:     COMMON   BANK0   BANK1   BANK2   BANK3   BANK4   BANK5   BANK6   BANK7   BANK8   BANK9
      Params:         0       1       0       0       0       0       0       0       0       0       0
      Locals:         0       1       0       0       0       0       0       0       0       0       0
      Temps:          0       1       0       0       0       0       0       0       0       0       0
      Totals:         0       3       0       0       0       0       0       0       0       0       0
Total ram usage:        3 bytes
 Hardware stack levels used:    1
 Hardware stack levels required when called:    2
 This function calls:
		Nothing
 This function is called by:
		_actiontouchPanel
		_main
 This function uses a non-reentrant model


 *************** function _GPIO_pin_Initialize *****************
 Defined at:
		line 983 in file "../master_eight.c"
 Parameters:    Size  Location     Type
		None
 Auto vars:     Size  Location     Type
		None
 Return value:  Size  Location     Type
                  1    wreg      void 
 Registers used:
		status,2, status,0, pclath, cstack
 Tracked objects:
		On entry : 
		On exit  : 
		Unchanged: 
 Data sizes:     COMMON   BANK0   BANK1   BANK2   BANK3   BANK4   BANK5   BANK6   BANK7   BANK8   BANK9
      Params:         0       0       0       0       0       0       0       0       0       0       0
      Locals:         0       0       0       0       0       0       0       0       0       0       0
      Temps:          0       0       0       0       0       0       0       0       0       0       0
      Totals:         0       0       0       0       0       0       0       0       0       0       0
Total ram usage:        0 bytes
 Hardware stack levels used:    1
 Hardware stack levels required when called:    3
 This function calls:
		_clearAllPorts
		_pinINIT_extra
 This function is called by:
		_main
 This function uses a non-reentrant model


 *************** function _pinINIT_extra *****************
 Defined at:
		line 1258 in file "../master_eight.c"
 Parameters:    Size  Location     Type
		None
 Auto vars:     Size  Location     Type
		None
 Return value:  Size  Location     Type
                  1    wreg      void 
 Registers used:
		status,2
 Tracked objects:
		On entry : 
		On exit  : 
		Unchanged: 
 Data sizes:     COMMON   BANK0   BANK1   BANK2   BANK3   BANK4   BANK5   BANK6   BANK7   BANK8   BANK9
      Params:         0       0       0       0       0       0       0       0       0       0       0
      Locals:         0       0       0       0       0       0       0       0       0       0       0
      Temps:          0       0       0       0       0       0       0       0       0       0       0
      Totals:         0       0       0       0       0       0       0       0       0       0       0
Total ram usage:        0 bytes
 Hardware stack levels used:    1
 Hardware stack levels required when called:    2
 This function calls:
		Nothing
 This function is called by:
		_GPIO_pin_Initialize
 This function uses a non-reentrant model


 *************** function _clearAllPorts *****************
 Defined at:
		line 1275 in file "../master_eight.c"
 Parameters:    Size  Location     Type
		None
 Auto vars:     Size  Location     Type
		None
 Return value:  Size  Location     Type
                  1    wreg      void 
 Registers used:
		None
 Tracked objects:
		On entry : 
		On exit  : 
		Unchanged: 
 Data sizes:     COMMON   BANK0   BANK1   BANK2   BANK3   BANK4   BANK5   BANK6   BANK7   BANK8   BANK9
      Params:         0       0       0       0       0       0       0       0       0       0       0
      Locals:         0       0       0       0       0       0       0       0       0       0       0
      Temps:          0       0       0       0       0       0       0       0       0       0       0
      Totals:         0       0       0       0       0       0       0       0       0       0       0
Total ram usage:        0 bytes
 Hardware stack levels used:    1
 Hardware stack levels required when called:    2
 This function calls:
		Nothing
 This function is called by:
		_GPIO_pin_Initialize
 This function uses a non-reentrant model


 *************** function _isr *****************
 Defined at:
		line 157 in file "../master_eight.c"
 Parameters:    Size  Location     Type
		None
 Auto vars:     Size  Location     Type
		None
 Return value:  Size  Location     Type
                  1    wreg      void 
 Registers used:
		wreg, fsr0l, fsr0h, fsr1l, fsr1h, status,2, status,0, pclath, cstack
 Tracked objects:
		On entry : 
		On exit  : 
		Unchanged: 
 Data sizes:     COMMON   BANK0   BANK1   BANK2   BANK3   BANK4   BANK5   BANK6   BANK7   BANK8   BANK9
      Params:         0       0       0       0       0       0       0       0       0       0       0
      Locals:         0       0       0       0       0       0       0       0       0       0       0
      Temps:          2       0       0       0       0       0       0       0       0       0       0
      Totals:         2       0       0       0       0       0       0       0       0       0       0
Total ram usage:        2 bytes
 Hardware stack levels used:    1
 Hardware stack levels required when called:    1
 This function calls:
		_errorsISR
 This function is called by:
		Interrupt level 1
 This function uses a non-reentrant model


 *************** function _errorsISR *****************
 Defined at:
		line 1206 in file "../master_eight.c"
 Parameters:    Size  Location     Type
  errNum          1    wreg     PTR unsigned char 
		 -> ErrorNames(5), 
 Auto vars:     Size  Location     Type
  errNum          1    3[COMMON] PTR unsigned char 
		 -> ErrorNames(5), 
  Tx_count        2    1[COMMON] int 
 Return value:  Size  Location     Type
                  1    wreg      void 
 Registers used:
		wreg, fsr1l, fsr1h, status,2, status,0
 Tracked objects:
		On entry : 
		On exit  : 
		Unchanged: 
 Data sizes:     COMMON   BANK0   BANK1   BANK2   BANK3   BANK4   BANK5   BANK6   BANK7   BANK8   BANK9
      Params:         0       0       0       0       0       0       0       0       0       0       0
      Locals:         3       0       0       0       0       0       0       0       0       0       0
      Temps:          1       0       0       0       0       0       0       0       0       0       0
      Totals:         4       0       0       0       0       0       0       0       0       0       0
Total ram usage:        4 bytes
 Hardware stack levels used:    1
 This function calls:
		Nothing
 This function is called by:
		_isr
 This function uses a non-reentrant model



MODULE INFORMATION

Module		Function		Class		Link	Load	Size
../actionTouchpanel.h
		_actiontouchPanel		CODE           	059B	0000	122

../actionTouchpanel.h estimated size: 122

../application.h
		_applianceControl		CODE           	0469	0000	307

../application.h estimated size: 307

C:\Program Files (x86)\Microchip\xc8\v1.45\sources\common\Umul16.c
		___wmul        		CODE           	07D5	0000	29

C:\Program Files (x86)\Microchip\xc8\v1.45\sources\common\Umul16.c estimated size: 29

C:\Program Files (x86)\Microchip\xc8\v1.45\sources\common\isdigit.c
		_isdigit       		CODE           	07F1	0000	16

C:\Program Files (x86)\Microchip\xc8\v1.45\sources\common\isdigit.c estimated size: 16

C:\Program Files (x86)\Microchip\xc8\v1.45\sources\common\atoi.c
		_atoi          		CODE           	0614	0000	108

C:\Program Files (x86)\Microchip\xc8\v1.45\sources\common\atoi.c estimated size: 108

shared
		__initialization		CODE           	02A1	0000	60

shared estimated size: 60

../master_eight.c
		_TMR1_Initialize		CODE           	0F5D	0000	12
		_allPeripheralInit		CODE           	0F81	0000	16
		_errorsMain    		CODE           	07B8	0000	30
		_TMR3_Initialize		CODE           	0F68	0000	13
		_CCP9_Initialize		CODE           	0F53	0000	11
		_main          		CODE           	02E0	0000	394
		_sendAcknowledgment		CODE           	079A	0000	31
		_errorsISR     		CODE           	0FE7	0000	26
		_EUSART_Initialize		CODE           	0FD1	0000	23
		_clearAllPorts 		CODE           	0F43	0000	5
		_isr           		CODE           	0004	0000	668
		_sendFeedback_TO_Gateway		CODE           	0705	0000	54
		_copyReceivedDataBuffer		CODE           	073A	0000	50
		_EUSART2_Initialize		CODE           	0FBB	0000	23
		_GPIO_pin_Initialize		CODE           	0FA5	0000	23
		_copyTouchpanelReceiveDataBuffer		CODE           	076B	0000	48
		_pinINIT_extra 		CODE           	0F90	0000	22

../master_eight.c estimated size: 1449

