Microchip MPLAB XC8 Compiler V1.45 ()

Linker command line:

-W-3 --edf=C:\Program Files (x86)\Microchip\xc8\v1.45\dat\en_msgs.txt -cs \
  -h+dist/default/production\alltouch.X.production.sym \
  --cmf=dist/default/production\alltouch.X.production.cmf -z -Q16F1526 \
  -oC:\Users\Alfaone\AppData\Local\Temp\s3p8.2 \
  -Mdist/default/production/alltouch.X.production.map -E1 -ver=XC8 \
  -ASTACK=02130h-0226dh -pstack=STACK -ACODE=00h-07FFhx4 \
  -ASTRCODE=00h-01FFFh -ASTRING=00h-0FFhx32 -ACONST=00h-0FFhx32 \
  -AENTRY=00h-0FFhx32 -ACOMMON=070h-07Fh -ABANK0=020h-06Fh \
  -ABANK1=0A0h-0EFh -ABANK2=0120h-016Fh -ABANK3=01A0h-01EFh \
  -ABANK4=0220h-026Fh -ABANK5=02A0h-02EFh -ABANK6=0320h-036Fh \
  -ABANK7=03A0h-03EFh -ABANK8=0420h-046Fh -ABANK9=04A0h-04BFh \
  -ABIGRAM=02000h-022EFh \
  -ARAM=020h-06Fh,0A0h-0EFh,0120h-016Fh,01A0h-01EFh,0220h-026Fh,02A0h-02EFh,0320h-036Fh,03A0h-03EFh,0420h-046Fh,04A0h-04BFh \
  -AABS1=020h-07Fh,0A0h-0EFh,0120h-016Fh,01A0h-01EFh,0220h-026Fh,02A0h-02EFh,0320h-036Fh,03A0h-03EFh,0420h-046Fh,04A0h-04BFh \
  -ASFR0=00h-01Fh -ASFR1=080h-09Fh -ASFR2=0100h-011Fh -ASFR3=0180h-019Fh \
  -ASFR4=0200h-021Fh -ASFR5=0280h-029Fh -ASFR6=0300h-031Fh \
  -ASFR7=0380h-039Fh -ASFR8=0400h-041Fh -ASFR9=0480h-049Fh \
  -ASFR10=0500h-056Fh -ASFR11=0580h-05EFh -ASFR12=0600h-066Fh \
  -ASFR13=0680h-06EFh -ASFR14=0700h-076Fh -ASFR15=0780h-07EFh \
  -ASFR16=0800h-086Fh -ASFR17=0880h-08EFh -ASFR18=0900h-096Fh \
  -ASFR19=0980h-09EFh -ASFR20=0A00h-0A6Fh -ASFR21=0A80h-0AEFh \
  -ASFR22=0B00h-0B6Fh -ASFR23=0B80h-0BEFh -ASFR24=0C00h-0C6Fh \
  -ASFR25=0C80h-0CEFh -ASFR26=0D00h-0D6Fh -ASFR27=0D80h-0DEFh \
  -ASFR28=0E00h-0E6Fh -ASFR29=0E80h-0EEFh -ASFR30=0F00h-0F6Fh \
  -ASFR31=0F80h-0FEFh -preset_vec=00h,intentry=04h,init,end_init \
  -ppowerup=CODE -pcinit=CODE -pfunctab=ENTRY -ACONFIG=08007h-08008h \
  -pconfig=CONFIG -DCONFIG=2 -AIDLOC=08000h-08003h -pidloc=IDLOC -DIDLOC=2 \
  -DCODE=2 -DSTRCODE=2 -DSTRING=2 -DCONST=2 -DENTRY=2 -k \
  C:\Users\Alfaone\AppData\Local\Temp\s3p8.obj \
  dist/default/production\alltouch.X.production.obj 

Object code version is 3.11

Machine type is 16F1526



                Name                               Link     Load   Length Selector   Space Scale
C:\Users\Alfaone\AppData\Local\Temp\s3p8.obj
                end_init                             CB       CB        2        8       0
                reset_vec                             0        0        2        0       0
                config                             8007     8007        2    1000E       0
dist/default/production\alltouch.X.production.obj
                cinit                                CD       CD       63        8       0
                intentry                              4        4       C7        8       0
                text19                             162F     162F       19     2C5E       0
                text17                             15D1     15D1        E     2BA2       0
                text16                             15EE     15EE       15     2BDC       0
                text15                             169E     169E       24     2D3C       0
                text14                              80B      80B       35     1016       0
                text13                              4A7      4A7      291        8       0
                text12                             1603     1603       16     2C06       0
                text11                             1619     1619       16     2C32       0
                text10                              805      805        6     100A       0
                text9                              1648     1648       1C     2C90       0
                text8                              15DF     15DF        F     2BBE       0
                text7                               840      840       6B     1080       0
                text6                              1664     1664       1D     2CC8       0
                text5                              179A     179A       66     2F34       0
                swtext1                            1000     1000       10     2000       0
                text4                               130      130      377        8       0
                text3                              16E6     16E6       32     2DCC       0
                text2                              1718     1718       32     2E30       0
                text1                              1681     1681       1D     2D02       0
                maintext                            8AB      8AB      755     1156       0
                cstackBANK0                          20       20       2B       20       1
                cstackCOMMON                         76       76        6       70       1
                cstackBANK1                          E0       E0        E       A0       1
                clrtext                            15B9     15B9        C     2B72       0
                inittext                           15C5     15C5        C     2B8A       0
                dataBANK3                           1A0      1A0       40      1A0       1
                dataBANK2                           120      120       50      120       1
                dataBANK1                            A0       A0       24       A0       1
                bssBANK1                             C4       C4       1C       A0       1
                dataBANK0                            63       63        1       20       1
                bssBANK0                             4B       4B       18       20       1
                dataCOMMON                           70       70        6       70       1
                stringtext1                        1800     1800        2     3000       0
                idataBIGRAM                         738      738       82        8       0
                idataBANK3                          7BA      7BA       40        8       0
                idataBANK2                         174A     174A       50     2E94       0
                idataBANK1                         16C2     16C2       24     2D84       0
                idataBANK0                            3        3        1        6       0
                idataCOMMON                         7FA      7FA        6        8       0

TOTAL           Name                               Link     Load   Length     Space
        CLASS   STACK          

        CLASS   CODE           
                end_init                             CB       CB        2         0
                cinit                                CD       CD       63         0
                intentry                              4        4       C7         0
                reset_vec                             0        0        2         0
                text19                             162F     162F       19         0
                text17                             15D1     15D1        E         0
                text16                             15EE     15EE       15         0
                text15                             169E     169E       24         0
                text14                              80B      80B       35         0
                text13                              4A7      4A7      291         0
                text12                             1603     1603       16         0
                text11                             1619     1619       16         0
                text10                              805      805        6         0
                text9                              1648     1648       1C         0
                text8                              15DF     15DF        F         0
                text7                               840      840       6B         0
                text6                              1664     1664       1D         0
                text5                              179A     179A       66         0
                text4                               130      130      377         0
                text3                              16E6     16E6       32         0
                text2                              1718     1718       32         0
                text1                              1681     1681       1D         0
                maintext                            8AB      8AB      755         0
                clrtext                            15B9     15B9        C         0
                inittext                           15C5     15C5        C         0
                idataBIGRAM                         738      738       82         0
                idataBANK3                          7BA      7BA       40         0
                idataBANK2                         174A     174A       50         0
                idataBANK1                         16C2     16C2       24         0
                idataBANK0                            3        3        1         0
                idataCOMMON                         7FA      7FA        6         0

        CLASS   STRCODE        
                stringtext1                        1800     1800        2         0

        CLASS   STRING         

        CLASS   CONST          
                swtext1                            1000     1000       10         0

        CLASS   ENTRY          

        CLASS   COMMON         
                cstackCOMMON                         76       76        6         1
                dataCOMMON                           70       70        6         1

        CLASS   BANK0          
                cstackBANK0                          20       20       2B         1
                dataBANK0                            63       63        1         1
                bssBANK0                             4B       4B       18         1

        CLASS   BANK1          
                cstackBANK1                          E0       E0        E         1
                dataBANK1                            A0       A0       24         1
                bssBANK1                             C4       C4       1C         1

        CLASS   BANK2          
                dataBANK2                           120      120       50         1

        CLASS   BANK3          
                dataBANK3                           1A0      1A0       40         1

        CLASS   BANK4          

        CLASS   BANK5          

        CLASS   BANK6          

        CLASS   BANK7          

        CLASS   BANK8          

        CLASS   BANK9          

        CLASS   BIGRAM         

        CLASS   RAM            

        CLASS   ABS1           
                abs_s1                               7E       7E        2         1
                abs_s1                              3DE      3DE       12         1
                abs_s1                              420      420       50         1
                abs_s1                              4A0      4A0       20         1
                abs_s1                             226E     226E        0         1

        CLASS   SFR0           

        CLASS   SFR1           

        CLASS   SFR2           

        CLASS   SFR3           

        CLASS   SFR4           

        CLASS   SFR5           

        CLASS   SFR6           

        CLASS   SFR7           

        CLASS   SFR8           

        CLASS   SFR9           

        CLASS   SFR10          

        CLASS   SFR11          

        CLASS   SFR12          

        CLASS   SFR13          

        CLASS   SFR14          

        CLASS   SFR15          

        CLASS   SFR16          

        CLASS   SFR17          

        CLASS   SFR18          

        CLASS   SFR19          

        CLASS   SFR20          

        CLASS   SFR21          

        CLASS   SFR22          

        CLASS   SFR23          

        CLASS   SFR24          

        CLASS   SFR25          

        CLASS   SFR26          

        CLASS   SFR27          

        CLASS   SFR28          

        CLASS   SFR29          

        CLASS   SFR30          

        CLASS   SFR31          

        CLASS   CONFIG         
                config                             8007     8007        2         0

        CLASS   IDLOC          

        CLASS   BANK31         

        CLASS   BANK30         

        CLASS   BANK29         

        CLASS   BANK28         

        CLASS   BANK27         

        CLASS   BANK26         

        CLASS   BANK25         

        CLASS   BANK24         

        CLASS   BANK23         

        CLASS   BANK22         

        CLASS   BANK21         

        CLASS   BANK20         

        CLASS   BANK19         

        CLASS   BANK18         

        CLASS   BANK17         

        CLASS   BANK16         

        CLASS   BANK15         

        CLASS   BANK14         

        CLASS   BANK13         

        CLASS   BANK12         

        CLASS   BANK11         

        CLASS   BANK10         

        CLASS   EEDATA         



SEGMENTS        Name                           Load    Length   Top    Selector   Space  Class     Delta

                reset_vec                      000000  000002  000002         0       0  CODE        2
                idataBANK0                     000003  000001  000004         6       0  CODE        2
                intentry                       000004  0007FC  000800         8       0  CODE        2
                cstackBANK0                    000020  000044  000064        20       1  BANK0       1
                dataCOMMON                     000070  00000C  00007C        70       1  COMMON      1
                dataBANK1                      0000A0  00004E  0000EE        A0       1  BANK1       1
                dataBANK2                      000120  000050  000170       120       1  BANK2       1
                dataBANK3                      0001A0  000040  0001E0       1A0       1  BANK3       1
                text10                         000805  000006  00080B      100A       0  CODE        2
                text14                         00080B  000035  000840      1016       0  CODE        2
                text7                          000840  00006B  0008AB      1080       0  CODE        2
                maintext                       0008AB  000755  001000      1156       0  CODE        2
                swtext1                        001000  000010  001010      2000       0  CONST       2
                clrtext                        0015B9  00000C  0015C5      2B72       0  CODE        2
                inittext                       0015C5  00000C  0015D1      2B8A       0  CODE        2
                text17                         0015D1  00000E  0015DF      2BA2       0  CODE        2
                text8                          0015DF  00000F  0015EE      2BBE       0  CODE        2
                text16                         0015EE  000015  001603      2BDC       0  CODE        2
                text12                         001603  000016  001619      2C06       0  CODE        2
                text11                         001619  000016  00162F      2C32       0  CODE        2
                text19                         00162F  000019  001648      2C5E       0  CODE        2
                text9                          001648  00001C  001664      2C90       0  CODE        2
                text6                          001664  00001D  001681      2CC8       0  CODE        2
                text1                          001681  00001D  00169E      2D02       0  CODE        2
                text15                         00169E  000024  0016C2      2D3C       0  CODE        2
                idataBANK1                     0016C2  000024  0016E6      2D84       0  CODE        2
                text3                          0016E6  000032  001718      2DCC       0  CODE        2
                text2                          001718  000032  00174A      2E30       0  CODE        2
                idataBANK2                     00174A  000050  00179A      2E94       0  CODE        2
                text5                          00179A  000066  001800      2F34       0  CODE        2
                stringtext1                    001800  000002  001802      3000       0  STRCODE     2
                config                         008007  000002  008009     1000E       0  CONFIG      2


UNUSED ADDRESS RANGES

        Name                Unused          Largest block    Delta
        BANK0            00064-0006F               C           1
        BANK1            000EE-000EF               2           1
        BANK3            001E0-001EF              10           1
        BANK4            00220-0026F              50           1
        BANK5            002A0-002EF              50           1
        BANK6            00320-0036F              50           1
        BANK7            003A0-003DD              3E           1
        BIGRAM           02000-022EF             2F0           1
        CODE             00002-00002               1           2
                         00800-00804               5
                         01010-015B8             5A9
                         01802-01FFF             7FE
        COMMON           0007C-0007D               2           1
        CONST            00002-00002               1           2
                         00800-00804               5
                         01010-015B8             100
                         01802-01FFF             100
        ENTRY            00002-00002               1           2
                         00800-00804               5
                         01010-015B8             100
                         01802-01FFF             100
        IDLOC            08000-08003               4           2
        RAM              00064-0006F               C           1
                         000EE-000EF               2
                         001E0-001EF              10
                         00220-0026F              50
                         002A0-002EF              50
                         00320-0036F              50
                         003A0-003DD              3E
        SFR0             00000-0001F              20           1
        SFR1             00080-0009F              20           1
        SFR10            00500-0056F              70           1
        SFR11            00580-005EF              70           1
        SFR12            00600-0066F              70           1
        SFR13            00680-006EF              70           1
        SFR14            00700-0076F              70           1
        SFR15            00780-007EF              70           1
        SFR16            00800-0086F              70           1
        SFR17            00880-008EF              70           1
        SFR18            00900-0096F              70           1
        SFR19            00980-009EF              70           1
        SFR2             00100-0011F              20           1
        SFR20            00A00-00A6F              70           1
        SFR21            00A80-00AEF              70           1
        SFR22            00B00-00B6F              70           1
        SFR23            00B80-00BEF              70           1
        SFR24            00C00-00C6F              70           1
        SFR25            00C80-00CEF              70           1
        SFR26            00D00-00D6F              70           1
        SFR27            00D80-00DEF              70           1
        SFR28            00E00-00E6F              70           1
        SFR29            00E80-00EEF              70           1
        SFR3             00180-0019F              20           1
        SFR30            00F00-00F6F              70           1
        SFR31            00F80-00FEF              70           1
        SFR4             00200-0021F              20           1
        SFR5             00280-0029F              20           1
        SFR6             00300-0031F              20           1
        SFR7             00380-0039F              20           1
        SFR8             00400-0041F              20           1
        SFR9             00480-0049F              20           1
        STACK            02130-0226D             13E           1
        STRCODE          00002-00002               1           2
                         00800-00804               5
                         01010-015B8             5A9
                         01802-01FFF             7FE
        STRING           00002-00002               1           2
                         00800-00804               5
                         01010-015B8             100
                         01802-01FFF             100

                                  Symbol Table

?___wmul                                          cstackBANK0  00020
?_atoi                                            cstackBANK0  00026
_ANSELA                                           (abs)        0018C
_ANSELB                                           (abs)        0018D
_ANSELD                                           (abs)        0018F
_ANSELE                                           (abs)        00190
_ANSELF                                           (abs)        0040C
_ANSELG                                           (abs)        0040D
_BAUD1CON                                         (abs)        0019F
_BAUD2CON                                         (abs)        00497
_CheckFlag2                                       bssBANK0     0005F
_EUSART2_Initialize                               text12       01603
_EUSART_Initialize                                text11       01619
_ErrorNames                                       dataCOMMON   00071
_GIE                                              (abs)        0005F
_GPIO_pin_Initialize                              text15       0169E
_M1                                               bssBANK0     0005D
_M2                                               bssBANK1     000D8
_M3                                               bssBANK1     000D6
_M4                                               bssBANK1     000D4
_M5                                               bssBANK1     000D2
_M6                                               bssBANK1     000D0
_M7                                               bssBANK1     000CE
_M8                                               bssBANK1     000CC
_PEIE                                             (abs)        0005E
_PIE1bits                                         (abs)        00091
_PIE4bits                                         (abs)        00094
_PreventFlag_ManualTo_Panel                       bssBANK1     000DA
_PreventFlag_Touch                                bssBANK1     000DE
_R1                                               bssBANK0     0005B
_R2                                               bssBANK0     00059
_R3                                               bssBANK0     00057
_R4                                               bssBANK0     00055
_R5                                               bssBANK0     00053
_R6                                               bssBANK0     00051
_R7                                               bssBANK0     0004F
_R8                                               bssBANK1     000CA
_RA0                                              (abs)        00060
_RA1                                              (abs)        00061
_RA3                                              (abs)        00063
_RA4                                              (abs)        00064
_RB0                                              (abs)        00068
_RB1                                              (abs)        00069
_RB2                                              (abs)        0006A
_RB4                                              (abs)        0006C
_RC1                                              (abs)        00071
_RC1IF                                            (abs)        0008D
_RC1REG                                           (abs)        00199
_RC1STA                                           (abs)        0019D
_RC1STAbits                                       (abs)        0019D
_RC2IF                                            (abs)        000A5
_RC2REG                                           (abs)        00491
_RC2STA                                           (abs)        00495
_RC2STAbits                                       (abs)        00495
_RD6                                              (abs)        0007E
_RD7                                              (abs)        0007F
_RF1                                              (abs)        01461
_RF2                                              (abs)        01462
_RF3                                              (abs)        01463
_RF4                                              (abs)        01464
_RF5                                              (abs)        01465
_RF6                                              (abs)        01466
_SP1BRGH                                          (abs)        0019C
_SP1BRGL                                          (abs)        0019B
_SP2BRGH                                          (abs)        00494
_SP2BRGL                                          (abs)        00493
_TRISAbits                                        (abs)        0008C
_TRISBbits                                        (abs)        0008D
_TRISCbits                                        (abs)        0008E
_TRISDbits                                        (abs)        0008F
_TRISFbits                                        (abs)        0030C
_TRISGbits                                        (abs)        0030D
_TX1REG                                           (abs)        0019A
_TX1STA                                           (abs)        0019E
_TX1STAbits                                       (abs)        0019E
_TX2REG                                           (abs)        00492
_TX2STA                                           (abs)        00496
_TX2STAbits                                       (abs)        00496
_WPUB                                             (abs)        0020D
_WPUD                                             (abs)        0020F
_WPUE                                             (abs)        00210
_WPUG                                             (abs)        0048D
__CFG_BOREN$OFF                                   (abs)        00000
__CFG_BORV$LO                                     (abs)        00000
__CFG_CLKOUTEN$OFF                                (abs)        00000
__CFG_CP$OFF                                      (abs)        00000
__CFG_FCMEN$OFF                                   (abs)        00000
__CFG_FOSC$HS                                     (abs)        00000
__CFG_IESO$OFF                                    (abs)        00000
__CFG_LPBOR$OFF                                   (abs)        00000
__CFG_LVP$OFF                                     (abs)        00000
__CFG_MCLRE$OFF                                   (abs)        00000
__CFG_PWRTE$OFF                                   (abs)        00000
__CFG_STVREN$OFF                                  (abs)        00000
__CFG_VCAPEN$OFF                                  (abs)        00000
__CFG_WDTE$OFF                                    (abs)        00000
__CFG_WRT$OFF                                     (abs)        00000
__Habs1                                           abs1         00000
__Hbank0                                          bank0        00000
__Hbank1                                          bank1        00000
__Hbank10                                         bank10       00000
__Hbank11                                         bank11       00000
__Hbank12                                         bank12       00000
__Hbank13                                         bank13       00000
__Hbank14                                         bank14       00000
__Hbank15                                         bank15       00000
__Hbank16                                         bank16       00000
__Hbank17                                         bank17       00000
__Hbank18                                         bank18       00000
__Hbank19                                         bank19       00000
__Hbank2                                          bank2        00000
__Hbank20                                         bank20       00000
__Hbank21                                         bank21       00000
__Hbank22                                         bank22       00000
__Hbank23                                         bank23       00000
__Hbank24                                         bank24       00000
__Hbank25                                         bank25       00000
__Hbank26                                         bank26       00000
__Hbank27                                         bank27       00000
__Hbank28                                         bank28       00000
__Hbank29                                         bank29       00000
__Hbank3                                          bank3        00000
__Hbank30                                         bank30       00000
__Hbank31                                         bank31       00000
__Hbank4                                          bank4        00000
__Hbank5                                          bank5        00000
__Hbank6                                          bank6        00000
__Hbank7                                          bank7        00000
__Hbank8                                          bank8        00000
__Hbank9                                          bank9        00000
__Hbigram                                         bigram       00000
__HbssBANK0                                       bssBANK0     00000
__HbssBANK1                                       bssBANK1     00000
__Hcinit                                          cinit        00130
__Hclrtext                                        clrtext      00000
__Hcode                                           code         00000
__Hcommon                                         common       00000
__Hconfig                                         config       08009
__HcstackBANK0                                    cstackBANK0  00000
__HcstackBANK1                                    cstackBANK1  00000
__HcstackCOMMON                                   cstackCOMMON 00000
__HdataBANK0                                      dataBANK0    00000
__HdataBANK1                                      dataBANK1    00000
__HdataBANK2                                      dataBANK2    00000
__HdataBANK3                                      dataBANK3    00000
__HdataCOMMON                                     dataCOMMON   00000
__Heeprom_data                                    eeprom_data  00000
__Hend_init                                       end_init     000CD
__Hfunctab                                        functab      00000
__HidataBANK0                                     idataBANK0   00000
__HidataBANK1                                     idataBANK1   00000
__HidataBANK2                                     idataBANK2   00000
__HidataBANK3                                     idataBANK3   00000
__HidataBIGRAM                                    idataBIGRAM  00000
__HidataCOMMON                                    idataCOMMON  00000
__Hidloc                                          idloc        00000
__Hinit                                           init         000CB
__Hinittext                                       inittext     00000
__Hintentry                                       intentry     000CB
__Hmaintext                                       maintext     00000
__Hpowerup                                        powerup      00000
__Hram                                            ram          00000
__Hreset_vec                                      reset_vec    00002
__Hsfr0                                           sfr0         00000
__Hsfr1                                           sfr1         00000
__Hsfr10                                          sfr10        00000
__Hsfr11                                          sfr11        00000
__Hsfr12                                          sfr12        00000
__Hsfr13                                          sfr13        00000
__Hsfr14                                          sfr14        00000
__Hsfr15                                          sfr15        00000
__Hsfr16                                          sfr16        00000
__Hsfr17                                          sfr17        00000
__Hsfr18                                          sfr18        00000
__Hsfr19                                          sfr19        00000
__Hsfr2                                           sfr2         00000
__Hsfr20                                          sfr20        00000
__Hsfr21                                          sfr21        00000
__Hsfr22                                          sfr22        00000
__Hsfr23                                          sfr23        00000
__Hsfr24                                          sfr24        00000
__Hsfr25                                          sfr25        00000
__Hsfr26                                          sfr26        00000
__Hsfr27                                          sfr27        00000
__Hsfr28                                          sfr28        00000
__Hsfr29                                          sfr29        00000
__Hsfr3                                           sfr3         00000
__Hsfr30                                          sfr30        00000
__Hsfr31                                          sfr31        00000
__Hsfr4                                           sfr4         00000
__Hsfr5                                           sfr5         00000
__Hsfr6                                           sfr6         00000
__Hsfr7                                           sfr7         00000
__Hsfr8                                           sfr8         00000
__Hsfr9                                           sfr9         00000
__Hspace_0                                        (abs)        08009
__Hspace_1                                        (abs)        001E0
__Hspace_2                                        (abs)        00000
__Hspace_3                                        (abs)        00000
__Hstack                                          stack        00000
__Hstrings                                        strings      00000
__Hstringtext1                                    stringtext1  00000
__Hstringtext2                                    stringtext2  00000
__Htext                                           text         00000
__Labs1                                           abs1         00000
__Lbank0                                          bank0        00000
__Lbank1                                          bank1        00000
__Lbank10                                         bank10       00000
__Lbank11                                         bank11       00000
__Lbank12                                         bank12       00000
__Lbank13                                         bank13       00000
__Lbank14                                         bank14       00000
__Lbank15                                         bank15       00000
__Lbank16                                         bank16       00000
__Lbank17                                         bank17       00000
__Lbank18                                         bank18       00000
__Lbank19                                         bank19       00000
__Lbank2                                          bank2        00000
__Lbank20                                         bank20       00000
__Lbank21                                         bank21       00000
__Lbank22                                         bank22       00000
__Lbank23                                         bank23       00000
__Lbank24                                         bank24       00000
__Lbank25                                         bank25       00000
__Lbank26                                         bank26       00000
__Lbank27                                         bank27       00000
__Lbank28                                         bank28       00000
__Lbank29                                         bank29       00000
__Lbank3                                          bank3        00000
__Lbank30                                         bank30       00000
__Lbank31                                         bank31       00000
__Lbank4                                          bank4        00000
__Lbank5                                          bank5        00000
__Lbank6                                          bank6        00000
__Lbank7                                          bank7        00000
__Lbank8                                          bank8        00000
__Lbank9                                          bank9        00000
__Lbigram                                         bigram       00000
__LbssBANK0                                       bssBANK0     00000
__LbssBANK1                                       bssBANK1     00000
__Lcinit                                          cinit        000CD
__Lclrtext                                        clrtext      00000
__Lcode                                           code         00000
__Lcommon                                         common       00000
__Lconfig                                         config       08007
__LcstackBANK0                                    cstackBANK0  00000
__LcstackBANK1                                    cstackBANK1  00000
__LcstackCOMMON                                   cstackCOMMON 00000
__LdataBANK0                                      dataBANK0    00000
__LdataBANK1                                      dataBANK1    00000
__LdataBANK2                                      dataBANK2    00000
__LdataBANK3                                      dataBANK3    00000
__LdataCOMMON                                     dataCOMMON   00000
__Leeprom_data                                    eeprom_data  00000
__Lend_init                                       end_init     000CB
__Lfunctab                                        functab      00000
__LidataBANK0                                     idataBANK0   00000
__LidataBANK1                                     idataBANK1   00000
__LidataBANK2                                     idataBANK2   00000
__LidataBANK3                                     idataBANK3   00000
__LidataBIGRAM                                    idataBIGRAM  00000
__LidataCOMMON                                    idataCOMMON  00000
__Lidloc                                          idloc        00000
__Linit                                           init         000CB
__Linittext                                       inittext     00000
__Lintentry                                       intentry     00004
__Lmaintext                                       maintext     00000
__Lpowerup                                        powerup      00000
__Lram                                            ram          00000
__Lreset_vec                                      reset_vec    00000
__Lsfr0                                           sfr0         00000
__Lsfr1                                           sfr1         00000
__Lsfr10                                          sfr10        00000
__Lsfr11                                          sfr11        00000
__Lsfr12                                          sfr12        00000
__Lsfr13                                          sfr13        00000
__Lsfr14                                          sfr14        00000
__Lsfr15                                          sfr15        00000
__Lsfr16                                          sfr16        00000
__Lsfr17                                          sfr17        00000
__Lsfr18                                          sfr18        00000
__Lsfr19                                          sfr19        00000
__Lsfr2                                           sfr2         00000
__Lsfr20                                          sfr20        00000
__Lsfr21                                          sfr21        00000
__Lsfr22                                          sfr22        00000
__Lsfr23                                          sfr23        00000
__Lsfr24                                          sfr24        00000
__Lsfr25                                          sfr25        00000
__Lsfr26                                          sfr26        00000
__Lsfr27                                          sfr27        00000
__Lsfr28                                          sfr28        00000
__Lsfr29                                          sfr29        00000
__Lsfr3                                           sfr3         00000
__Lsfr30                                          sfr30        00000
__Lsfr31                                          sfr31        00000
__Lsfr4                                           sfr4         00000
__Lsfr5                                           sfr5         00000
__Lsfr6                                           sfr6         00000
__Lsfr7                                           sfr7         00000
__Lsfr8                                           sfr8         00000
__Lsfr9                                           sfr9         00000
__Lspace_0                                        (abs)        00000
__Lspace_1                                        (abs)        00000
__Lspace_2                                        (abs)        00000
__Lspace_3                                        (abs)        00000
__Lstack                                          stack        00000
__Lstrings                                        strings      00000
__Lstringtext1                                    stringtext1  00000
__Lstringtext2                                    stringtext2  00000
__Ltext                                           text         00000
__S0                                              (abs)        08009
__S1                                              (abs)        001E0
__S2                                              (abs)        00000
___int_sp                                         stack        00000
___latbits                                        (abs)        00002
___sp                                             stack        00000
___wmul                                           text9        01648
___wmul@multiplicand                              cstackBANK0  00022
___wmul@multiplier                                cstackBANK0  00020
___wmul@product                                   cstackBANK0  00024
__end_of_EUSART2_Initialize                       text12       01619
__end_of_EUSART_Initialize                        text11       0162F
__end_of_GPIO_pin_Initialize                      text15       016C2
__end_of___wmul                                   text9        01664
__end_of__initialization                          cinit        0012C
__end_of_actiontouchPanel                         text13       00738
__end_of_allPeripheralInit                        text10       0080B
__end_of_applianceControl                         text4        004A7
__end_of_atoi                                     text7        008AB
__end_of_clearAllPorts                            text17       015DF
__end_of_copyReceivedDataBuffer                   text3        01718
__end_of_copyTouchpanelReceiveDataBuffer          text2        0174A
__end_of_errorsISR                                text19       01648
__end_of_errorsMain                               text1        0169E
__end_of_isdigit                                  text8        015EE
__end_of_isr                                      intentry     000CB
__end_of_main                                     maintext     01000
__end_of_pinINIT_extra                            text16       01603
__end_of_sendAcknowledgment                       text6        01681
__end_of_sendFeedback_TO_Gateway                  text14       00840
__end_of_send_Response_To_Touch                   text5        01800
__initialization                                  cinit        000CD
__pbssBANK0                                       bssBANK0     0004B
__pbssBANK1                                       bssBANK1     000C4
__pcstackBANK0                                    cstackBANK0  00020
__pcstackBANK1                                    cstackBANK1  000E0
__pcstackCOMMON                                   cstackCOMMON 00076
__pdataBANK0                                      dataBANK0    00063
__pdataBANK1                                      dataBANK1    000A0
__pdataBANK2                                      dataBANK2    00120
__pdataBANK3                                      dataBANK3    001A0
__pdataBIGRAM                                     (abs)        0226E
__pdataCOMMON                                     dataCOMMON   00070
__pidataBANK0                                     idataBANK0   00003
__pidataBANK1                                     idataBANK1   016C2
__pidataBANK2                                     idataBANK2   0174A
__pidataBANK3                                     idataBANK3   007BA
__pidataBIGRAM                                    idataBIGRAM  00738
__pidataCOMMON                                    idataCOMMON  007FA
__pintentry                                       intentry     00004
__pmaintext                                       maintext     008AB
__pstringtext1                                    stringtext1  01800
__pstringtext2                                    stringtext2  00000
__pswtext1                                        swtext1      01000
__ptext1                                          text1        01681
__ptext10                                         text10       00805
__ptext11                                         text11       01619
__ptext12                                         text12       01603
__ptext13                                         text13       004A7
__ptext14                                         text14       0080B
__ptext15                                         text15       0169E
__ptext16                                         text16       015EE
__ptext17                                         text17       015D1
__ptext19                                         text19       0162F
__ptext2                                          text2        01718
__ptext3                                          text3        016E6
__ptext4                                          text4        00130
__ptext5                                          text5        0179A
__ptext6                                          text6        01664
__ptext7                                          text7        00840
__ptext8                                          text8        015DF
__ptext9                                          text9        01648
__size_of_EUSART2_Initialize                      (abs)        00000
__size_of_EUSART_Initialize                       (abs)        00000
__size_of_GPIO_pin_Initialize                     (abs)        00000
__size_of___wmul                                  (abs)        00000
__size_of_actiontouchPanel                        (abs)        00000
__size_of_allPeripheralInit                       (abs)        00000
__size_of_applianceControl                        (abs)        00000
__size_of_atoi                                    (abs)        00000
__size_of_clearAllPorts                           (abs)        00000
__size_of_copyReceivedDataBuffer                  (abs)        00000
__size_of_copyTouchpanelReceiveDataBuffer         (abs)        00000
__size_of_errorsISR                               (abs)        00000
__size_of_errorsMain                              (abs)        00000
__size_of_isdigit                                 (abs)        00000
__size_of_isr                                     (abs)        00000
__size_of_main                                    (abs)        00000
__size_of_pinINIT_extra                           (abs)        00000
__size_of_sendAcknowledgment                      (abs)        00000
__size_of_sendFeedback_TO_Gateway                 (abs)        00000
__size_of_send_Response_To_Touch                  (abs)        00000
_actiontouchPanel                                 text13       004A7
_allPeripheralInit                                text10       00805
_applianceControl                                 text4        00130
_atoi                                             text7        00840
_checkFlag                                        bssBANK0     00061
_clearAllPorts                                    text17       015D1
_copyReceivedDataBuffer                           text3        016E6
_copyTouchpanelReceiveDataBuffer                  text2        01718
_copy_parentalLockBuffer                          dataBANK1    000A0
_currentStateBuffer                               (abs)        0226E
_errorsISR                                        text19       0162F
_errorsMain                                       text1        01681
_isdigit                                          text8        015DF
_isdigit$731                                      cstackBANK0  00020
_isr                                              intentry     00004
_main                                             maintext     008AB
_mainDataReceived                                 bssBANK1     000C8
_mainReceivedDataBuffer                           dataBANK2    00120
_mainReceivedDataPosition                         bssBANK0     0004D
_parentalLockBuffer                               dataBANK3    001C0
_pinINIT_extra                                    text16       015EE
_sendAcknowledgment                               text6        01664
_sendFeedback_TO_Gateway                          text14       0080B
_send_Response_To_Touch                           text5        0179A
_tempReceiveTouchpanelDataBuffer                  dataBANK2    00140
_tempReceivedDataBuffer                           dataBANK2    00158
_touchPanelDataReceived                           bssBANK1     000C6
_touchpanelReceivedataPosition                    bssBANK0     0004B
_touchpanleReceivedDatabuffer                     dataBANK3    001A0
actiontouchPanel@SwNum                            cstackBANK0  00028
actiontouchPanel@Switch_Num                       cstackBANK0  0002C
actiontouchPanel@ch_sw_num                        cstackBANK0  00027
actiontouchPanel@integer_switch_speed             cstackBANK0  0002D
actiontouchPanel@preventFlag                      cstackBANK0  0002A
actiontouchPanel@speeds                           cstackBANK0  00024
actiontouchPanel@sw_status                        cstackBANK0  00023
actiontouchPanel@switch_status                    cstackBANK0  0002F
applianceControl@F3748                            dataBANK1    000C2
applianceControl@F3750                            dataBANK1    000C0
applianceControl@chDimmerSpeedLSB                 cstackBANK0  00031
applianceControl@chDimmerSpeedMSB                 cstackBANK0  00030
applianceControl@charFinalFrameState              cstackBANK0  00033
applianceControl@charParentalControl              cstackBANK0  00032
applianceControl@charSwitchLSB                    cstackBANK0  0002E
applianceControl@charSwitchMSB                    cstackBANK0  0003A
applianceControl@charSwitchSTATE                  cstackBANK0  0002F
applianceControl@currentStateBufferPositions      cstackBANK0  0003F
applianceControl@dimmerSpeedStringBuffer          cstackBANK0  0003D
applianceControl@integerSpeed                     cstackBANK0  00038
applianceControl@integerSwitchNumber              cstackBANK0  00041
applianceControl@integerSwitchState               cstackBANK0  00043
applianceControl@switchNumberStringBuffer         cstackBANK0  0003B
atoi@a                                            cstackBANK0  0002B
atoi@s                                            cstackBANK0  0002D
atoi@sign                                         cstackBANK0  0002A
btemp                                             (abs)        0007E
clear_ram0                                        clrtext      015B9
copyReceivedDataBuffer@dataBufferCounter          cstackBANK0  00021
copyTouchpanelReceiveDataBuffer@dataBufferCounter cstackBANK0  00021
end_of_initialization                             cinit        0012C
errorsISR@Tx_count                                cstackCOMMON 00077
errorsISR@errNum                                  cstackCOMMON 00079
errorsMain@Tx_count                               cstackBANK0  00021
errorsMain@errNum                                 cstackBANK0  00023
init_ram                                          inittext     015C5
int$flags                                         (abs)        0007E
intlevel0                                         functab      00000
intlevel1                                         functab      00000
intlevel2                                         functab      00000
intlevel3                                         functab      00000
intlevel4                                         functab      00000
intlevel5                                         functab      00000
isdigit@c                                         cstackBANK0  00021
main@dataBufferCounter                            cstackBANK1  000E8
main@dataBufferCounter_487                        cstackBANK1  000EA
main@end_flag                                     cstackBANK1  000E4
main@end_flag_485                                 cstackBANK1  000E6
main@man                                          cstackBANK1  000EC
main@start_flag                                   cstackBANK1  000E0
main@start_flag_484                               cstackBANK1  000E2
reset_vec                                         reset_vec    00000
sendAcknowledgment@Tx_count                       cstackBANK0  00022
sendAcknowledgment@currentStateBuffer             cstackBANK0  00020
sendFeedback_TO_Gateway@Switch_Num                cstackBANK0  00020
sendFeedback_TO_Gateway@sw_status                 cstackBANK0  00022
send_Response_To_Touch@fan_speed                  cstackBANK0  00021
send_Response_To_Touch@switch_no                  cstackBANK0  00023
send_Response_To_Touch@switch_status              cstackBANK0  00020
stackhi                                           (abs)        0226D
stacklo                                           (abs)        02130
start                                             init         000CB
start_initialization                              cinit        000CD
wtemp0                                            (abs)        0007E


FUNCTION INFORMATION:

 *************** function _main *****************
 Defined at:
		line 300 in file "../master_eight.c"
 Parameters:    Size  Location     Type
		None
 Auto vars:     Size  Location     Type
  dataBufferCo    2   10[BANK1 ] int 
  dataBufferCo    2    8[BANK1 ] int 
  end_flag        2    6[BANK1 ] int 
  start_flag      2    2[BANK1 ] int 
  end_flag        2    4[BANK1 ] int 
  start_flag      2    0[BANK1 ] int 
  man             2   12[BANK1 ] int 
 Return value:  Size  Location     Type
                  2  307[None  ] int 
 Registers used:
		wreg, fsr0l, fsr0h, fsr1l, fsr1h, status,2, status,0, pclath, cstack
 Tracked objects:
		On entry : 
		On exit  : 
		Unchanged: 
 Data sizes:     COMMON   BANK0   BANK1   BANK2   BANK3   BANK4   BANK5   BANK6   BANK7   BANK8   BANK9
      Params:         0       0       0       0       0       0       0       0       0       0       0
      Locals:         0       0      14       0       0       0       0       0       0       0       0
      Temps:          0       6       0       0       0       0       0       0       0       0       0
      Totals:         0       6      14       0       0       0       0       0       0       0       0
Total ram usage:       20 bytes
 Hardware stack levels required when called:    5
 This function calls:
		_GPIO_pin_Initialize
		_actiontouchPanel
		_allPeripheralInit
		_applianceControl
		_copyReceivedDataBuffer
		_copyTouchpanelReceiveDataBuffer
		_errorsMain
		_send_Response_To_Touch
 This function is called by:
		Startup code after reset
 This function uses a non-reentrant model


 *************** function _errorsMain *****************
 Defined at:
		line 846 in file "../master_eight.c"
 Parameters:    Size  Location     Type
  errNum          1    wreg     PTR unsigned char 
		 -> ErrorNames(5), 
 Auto vars:     Size  Location     Type
  errNum          1    3[BANK0 ] PTR unsigned char 
		 -> ErrorNames(5), 
  Tx_count        2    1[BANK0 ] int 
 Return value:  Size  Location     Type
                  1    wreg      void 
 Registers used:
		wreg, fsr1l, fsr1h, status,2, status,0
 Tracked objects:
		On entry : 
		On exit  : 
		Unchanged: 
 Data sizes:     COMMON   BANK0   BANK1   BANK2   BANK3   BANK4   BANK5   BANK6   BANK7   BANK8   BANK9
      Params:         0       0       0       0       0       0       0       0       0       0       0
      Locals:         0       3       0       0       0       0       0       0       0       0       0
      Temps:          0       1       0       0       0       0       0       0       0       0       0
      Totals:         0       4       0       0       0       0       0       0       0       0       0
Total ram usage:        4 bytes
 Hardware stack levels used:    1
 Hardware stack levels required when called:    2
 This function calls:
		Nothing
 This function is called by:
		_main
 This function uses a non-reentrant model


 *************** function _copyTouchpanelReceiveDataBuffer *****************
 Defined at:
		line 881 in file "../master_eight.c"
 Parameters:    Size  Location     Type
		None
 Auto vars:     Size  Location     Type
  dataBufferCo    2    1[BANK0 ] int 
 Return value:  Size  Location     Type
                  1    wreg      void 
 Registers used:
		wreg, fsr1l, fsr1h, status,2, status,0
 Tracked objects:
		On entry : 
		On exit  : 
		Unchanged: 
 Data sizes:     COMMON   BANK0   BANK1   BANK2   BANK3   BANK4   BANK5   BANK6   BANK7   BANK8   BANK9
      Params:         0       0       0       0       0       0       0       0       0       0       0
      Locals:         0       2       0       0       0       0       0       0       0       0       0
      Temps:          0       1       0       0       0       0       0       0       0       0       0
      Totals:         0       3       0       0       0       0       0       0       0       0       0
Total ram usage:        3 bytes
 Hardware stack levels used:    1
 Hardware stack levels required when called:    2
 This function calls:
		Nothing
 This function is called by:
		_main
 This function uses a non-reentrant model


 *************** function _copyReceivedDataBuffer *****************
 Defined at:
		line 874 in file "../master_eight.c"
 Parameters:    Size  Location     Type
		None
 Auto vars:     Size  Location     Type
  dataBufferCo    2    1[BANK0 ] int 
 Return value:  Size  Location     Type
                  1    wreg      void 
 Registers used:
		wreg, fsr1l, fsr1h, status,2, status,0
 Tracked objects:
		On entry : 
		On exit  : 
		Unchanged: 
 Data sizes:     COMMON   BANK0   BANK1   BANK2   BANK3   BANK4   BANK5   BANK6   BANK7   BANK8   BANK9
      Params:         0       0       0       0       0       0       0       0       0       0       0
      Locals:         0       2       0       0       0       0       0       0       0       0       0
      Temps:          0       1       0       0       0       0       0       0       0       0       0
      Totals:         0       3       0       0       0       0       0       0       0       0       0
Total ram usage:        3 bytes
 Hardware stack levels used:    1
 Hardware stack levels required when called:    2
 This function calls:
		Nothing
 This function is called by:
		_main
 This function uses a non-reentrant model


 *************** function _applianceControl *****************
 Defined at:
		line 1 in file "../application.h"
 Parameters:    Size  Location     Type
  charSwitchMS    1    wreg     unsigned char 
  charSwitchLS    1   14[BANK0 ] unsigned char 
  charSwitchST    1   15[BANK0 ] unsigned char 
  chDimmerSpee    1   16[BANK0 ] unsigned char 
  chDimmerSpee    1   17[BANK0 ] unsigned char 
  charParental    1   18[BANK0 ] unsigned char 
  charFinalFra    1   19[BANK0 ] unsigned char 
 Auto vars:     Size  Location     Type
  charSwitchMS    1   26[BANK0 ] unsigned char 
  integerSwitc    2   35[BANK0 ] int 
  integerSwitc    2   33[BANK0 ] int 
  currentState    2   31[BANK0 ] int 
  dimmerSpeedS    2   29[BANK0 ] unsigned char [2]
  switchNumber    2   27[BANK0 ] unsigned char [2]
  integerSpeed    2   24[BANK0 ] int 
 Return value:  Size  Location     Type
                  1    wreg      void 
 Registers used:
		wreg, fsr0l, fsr0h, fsr1l, fsr1h, status,2, status,0, pclath, cstack
 Tracked objects:
		On entry : 
		On exit  : 
		Unchanged: 
 Data sizes:     COMMON   BANK0   BANK1   BANK2   BANK3   BANK4   BANK5   BANK6   BANK7   BANK8   BANK9
      Params:         0       6       0       0       0       0       0       0       0       0       0
      Locals:         0      13       0       0       0       0       0       0       0       0       0
      Temps:          0       4       0       0       0       0       0       0       0       0       0
      Totals:         0      23       0       0       0       0       0       0       0       0       0
Total ram usage:       23 bytes
 Hardware stack levels used:    1
 Hardware stack levels required when called:    4
 This function calls:
		_atoi
		_sendAcknowledgment
		_send_Response_To_Touch
 This function is called by:
		_main
 This function uses a non-reentrant model


 *************** function _send_Response_To_Touch *****************
 Defined at:
		line 805 in file "../master_eight.c"
 Parameters:    Size  Location     Type
  switch_no       1    wreg     unsigned char 
  switch_statu    1    0[BANK0 ] unsigned char 
  fan_speed       1    1[BANK0 ] unsigned char 
 Auto vars:     Size  Location     Type
  switch_no       1    3[BANK0 ] unsigned char 
 Return value:  Size  Location     Type
                  1    wreg      void 
 Registers used:
		wreg
 Tracked objects:
		On entry : 
		On exit  : 
		Unchanged: 
 Data sizes:     COMMON   BANK0   BANK1   BANK2   BANK3   BANK4   BANK5   BANK6   BANK7   BANK8   BANK9
      Params:         0       2       0       0       0       0       0       0       0       0       0
      Locals:         0       1       0       0       0       0       0       0       0       0       0
      Temps:          0       1       0       0       0       0       0       0       0       0       0
      Totals:         0       4       0       0       0       0       0       0       0       0       0
Total ram usage:        4 bytes
 Hardware stack levels used:    1
 Hardware stack levels required when called:    2
 This function calls:
		Nothing
 This function is called by:
		_applianceControl
		_main
 This function uses a non-reentrant model


 *************** function _sendAcknowledgment *****************
 Defined at:
		line 856 in file "../master_eight.c"
 Parameters:    Size  Location     Type
  currentState    2    0[BANK0 ] PTR unsigned char 
		 -> currentStateBuffer(130), 
 Auto vars:     Size  Location     Type
  Tx_count        2    2[BANK0 ] int 
 Return value:  Size  Location     Type
                  1    wreg      void 
 Registers used:
		wreg, fsr1l, fsr1h, status,2, status,0
 Tracked objects:
		On entry : 
		On exit  : 
		Unchanged: 
 Data sizes:     COMMON   BANK0   BANK1   BANK2   BANK3   BANK4   BANK5   BANK6   BANK7   BANK8   BANK9
      Params:         0       2       0       0       0       0       0       0       0       0       0
      Locals:         0       2       0       0       0       0       0       0       0       0       0
      Temps:          0       0       0       0       0       0       0       0       0       0       0
      Totals:         0       4       0       0       0       0       0       0       0       0       0
Total ram usage:        4 bytes
 Hardware stack levels used:    1
 Hardware stack levels required when called:    2
 This function calls:
		Nothing
 This function is called by:
		_applianceControl
 This function uses a non-reentrant model


 *************** function _atoi *****************
 Defined at:
		line 5 in file "C:\Program Files (x86)\Microchip\xc8\v1.45\sources\common\atoi.c"
 Parameters:    Size  Location     Type
  s               1    wreg     PTR const unsigned char 
		 -> applianceControl@dimmerSpeedStringBuffer(2), applianceControl@switchNumberStringBuffer(2), 
 Auto vars:     Size  Location     Type
  s               1   13[BANK0 ] PTR const unsigned char 
		 -> applianceControl@dimmerSpeedStringBuffer(2), applianceControl@switchNumberStringBuffer(2), 
  a               2   11[BANK0 ] int 
  sign            1   10[BANK0 ] unsigned char 
 Return value:  Size  Location     Type
                  2    6[BANK0 ] int 
 Registers used:
		wreg, fsr1l, fsr1h, status,2, status,0, pclath, cstack
 Tracked objects:
		On entry : 
		On exit  : 
		Unchanged: 
 Data sizes:     COMMON   BANK0   BANK1   BANK2   BANK3   BANK4   BANK5   BANK6   BANK7   BANK8   BANK9
      Params:         0       2       0       0       0       0       0       0       0       0       0
      Locals:         0       4       0       0       0       0       0       0       0       0       0
      Temps:          0       2       0       0       0       0       0       0       0       0       0
      Totals:         0       8       0       0       0       0       0       0       0       0       0
Total ram usage:        8 bytes
 Hardware stack levels used:    1
 Hardware stack levels required when called:    3
 This function calls:
		___wmul
		_isdigit
 This function is called by:
		_applianceControl
 This function uses a non-reentrant model


 *************** function _isdigit *****************
 Defined at:
		line 8 in file "C:\Program Files (x86)\Microchip\xc8\v1.45\sources\common\isdigit.c"
 Parameters:    Size  Location     Type
  c               1    wreg     unsigned char 
 Auto vars:     Size  Location     Type
  c               1    1[BANK0 ] unsigned char 
 Return value:  Size  Location     Type
		None               void
 Registers used:
		wreg, status,2, status,0
 Tracked objects:
		On entry : 
		On exit  : 
		Unchanged: 
 Data sizes:     COMMON   BANK0   BANK1   BANK2   BANK3   BANK4   BANK5   BANK6   BANK7   BANK8   BANK9
      Params:         0       0       0       0       0       0       0       0       0       0       0
      Locals:         0       2       0       0       0       0       0       0       0       0       0
      Temps:          0       0       0       0       0       0       0       0       0       0       0
      Totals:         0       2       0       0       0       0       0       0       0       0       0
Total ram usage:        2 bytes
 Hardware stack levels used:    1
 Hardware stack levels required when called:    2
 This function calls:
		Nothing
 This function is called by:
		_atoi
 This function uses a non-reentrant model


 *************** function ___wmul *****************
 Defined at:
		line 15 in file "C:\Program Files (x86)\Microchip\xc8\v1.45\sources\common\Umul16.c"
 Parameters:    Size  Location     Type
  multiplier      2    0[BANK0 ] unsigned int 
  multiplicand    2    2[BANK0 ] unsigned int 
 Auto vars:     Size  Location     Type
  product         2    4[BANK0 ] unsigned int 
 Return value:  Size  Location     Type
                  2    0[BANK0 ] unsigned int 
 Registers used:
		wreg, status,2, status,0
 Tracked objects:
		On entry : 
		On exit  : 
		Unchanged: 
 Data sizes:     COMMON   BANK0   BANK1   BANK2   BANK3   BANK4   BANK5   BANK6   BANK7   BANK8   BANK9
      Params:         0       4       0       0       0       0       0       0       0       0       0
      Locals:         0       2       0       0       0       0       0       0       0       0       0
      Temps:          0       0       0       0       0       0       0       0       0       0       0
      Totals:         0       6       0       0       0       0       0       0       0       0       0
Total ram usage:        6 bytes
 Hardware stack levels used:    1
 Hardware stack levels required when called:    2
 This function calls:
		Nothing
 This function is called by:
		_atoi
 This function uses a non-reentrant model


 *************** function _allPeripheralInit *****************
 Defined at:
		line 723 in file "../master_eight.c"
 Parameters:    Size  Location     Type
		None
 Auto vars:     Size  Location     Type
		None
 Return value:  Size  Location     Type
                  1    wreg      void 
 Registers used:
		wreg, status,2, status,0, pclath, cstack
 Tracked objects:
		On entry : 
		On exit  : 
		Unchanged: 
 Data sizes:     COMMON   BANK0   BANK1   BANK2   BANK3   BANK4   BANK5   BANK6   BANK7   BANK8   BANK9
      Params:         0       0       0       0       0       0       0       0       0       0       0
      Locals:         0       0       0       0       0       0       0       0       0       0       0
      Temps:          0       0       0       0       0       0       0       0       0       0       0
      Totals:         0       0       0       0       0       0       0       0       0       0       0
Total ram usage:        0 bytes
 Hardware stack levels used:    1
 Hardware stack levels required when called:    3
 This function calls:
		_EUSART2_Initialize
		_EUSART_Initialize
 This function is called by:
		_main
 This function uses a non-reentrant model


 *************** function _EUSART_Initialize *****************
 Defined at:
		line 732 in file "../master_eight.c"
 Parameters:    Size  Location     Type
		None
 Auto vars:     Size  Location     Type
		None
 Return value:  Size  Location     Type
                  1    wreg      void 
 Registers used:
		wreg
 Tracked objects:
		On entry : 
		On exit  : 
		Unchanged: 
 Data sizes:     COMMON   BANK0   BANK1   BANK2   BANK3   BANK4   BANK5   BANK6   BANK7   BANK8   BANK9
      Params:         0       0       0       0       0       0       0       0       0       0       0
      Locals:         0       0       0       0       0       0       0       0       0       0       0
      Temps:          0       0       0       0       0       0       0       0       0       0       0
      Totals:         0       0       0       0       0       0       0       0       0       0       0
Total ram usage:        0 bytes
 Hardware stack levels used:    1
 Hardware stack levels required when called:    2
 This function calls:
		Nothing
 This function is called by:
		_allPeripheralInit
 This function uses a non-reentrant model


 *************** function _EUSART2_Initialize *****************
 Defined at:
		line 769 in file "../master_eight.c"
 Parameters:    Size  Location     Type
		None
 Auto vars:     Size  Location     Type
		None
 Return value:  Size  Location     Type
                  1    wreg      void 
 Registers used:
		wreg
 Tracked objects:
		On entry : 
		On exit  : 
		Unchanged: 
 Data sizes:     COMMON   BANK0   BANK1   BANK2   BANK3   BANK4   BANK5   BANK6   BANK7   BANK8   BANK9
      Params:         0       0       0       0       0       0       0       0       0       0       0
      Locals:         0       0       0       0       0       0       0       0       0       0       0
      Temps:          0       0       0       0       0       0       0       0       0       0       0
      Totals:         0       0       0       0       0       0       0       0       0       0       0
Total ram usage:        0 bytes
 Hardware stack levels used:    1
 Hardware stack levels required when called:    2
 This function calls:
		Nothing
 This function is called by:
		_allPeripheralInit
 This function uses a non-reentrant model


 *************** function _actiontouchPanel *****************
 Defined at:
		line 1 in file "../actiontouchpanel.h"
 Parameters:    Size  Location     Type
  Switch_Num      1    wreg     unsigned char 
  sw_status       1    3[BANK0 ] unsigned char 
  speeds          1    4[BANK0 ] unsigned char 
 Auto vars:     Size  Location     Type
  Switch_Num      1   12[BANK0 ] unsigned char 
  switch_statu    2   15[BANK0 ] int 
  integer_swit    2   13[BANK0 ] int 
  preventFlag     2   10[BANK0 ] int 
  SwNum           2    8[BANK0 ] int 
  ch_sw_num       1    7[BANK0 ] unsigned char 
 Return value:  Size  Location     Type
                  1    wreg      void 
 Registers used:
		wreg, fsr0l, fsr0h, status,2, status,0, pclath, cstack
 Tracked objects:
		On entry : 
		On exit  : 
		Unchanged: 
 Data sizes:     COMMON   BANK0   BANK1   BANK2   BANK3   BANK4   BANK5   BANK6   BANK7   BANK8   BANK9
      Params:         0       2       0       0       0       0       0       0       0       0       0
      Locals:         0      10       0       0       0       0       0       0       0       0       0
      Temps:          0       2       0       0       0       0       0       0       0       0       0
      Totals:         0      14       0       0       0       0       0       0       0       0       0
Total ram usage:       14 bytes
 Hardware stack levels used:    1
 Hardware stack levels required when called:    3
 This function calls:
		_sendFeedback_TO_Gateway
 This function is called by:
		_main
 This function uses a non-reentrant model


 *************** function _sendFeedback_TO_Gateway *****************
 Defined at:
		line 867 in file "../master_eight.c"
 Parameters:    Size  Location     Type
  sw_status       1    wreg     unsigned char 
  Switch_Num      1    0[BANK0 ] unsigned char 
 Auto vars:     Size  Location     Type
  sw_status       1    2[BANK0 ] unsigned char 
 Return value:  Size  Location     Type
                  1    wreg      void 
 Registers used:
		wreg
 Tracked objects:
		On entry : 
		On exit  : 
		Unchanged: 
 Data sizes:     COMMON   BANK0   BANK1   BANK2   BANK3   BANK4   BANK5   BANK6   BANK7   BANK8   BANK9
      Params:         0       1       0       0       0       0       0       0       0       0       0
      Locals:         0       1       0       0       0       0       0       0       0       0       0
      Temps:          0       1       0       0       0       0       0       0       0       0       0
      Totals:         0       3       0       0       0       0       0       0       0       0       0
Total ram usage:        3 bytes
 Hardware stack levels used:    1
 Hardware stack levels required when called:    2
 This function calls:
		Nothing
 This function is called by:
		_actiontouchPanel
 This function uses a non-reentrant model


 *************** function _GPIO_pin_Initialize *****************
 Defined at:
		line 679 in file "../master_eight.c"
 Parameters:    Size  Location     Type
		None
 Auto vars:     Size  Location     Type
		None
 Return value:  Size  Location     Type
                  1    wreg      void 
 Registers used:
		status,2, status,0, pclath, cstack
 Tracked objects:
		On entry : 
		On exit  : 
		Unchanged: 
 Data sizes:     COMMON   BANK0   BANK1   BANK2   BANK3   BANK4   BANK5   BANK6   BANK7   BANK8   BANK9
      Params:         0       0       0       0       0       0       0       0       0       0       0
      Locals:         0       0       0       0       0       0       0       0       0       0       0
      Temps:          0       0       0       0       0       0       0       0       0       0       0
      Totals:         0       0       0       0       0       0       0       0       0       0       0
Total ram usage:        0 bytes
 Hardware stack levels used:    1
 Hardware stack levels required when called:    3
 This function calls:
		_clearAllPorts
		_pinINIT_extra
 This function is called by:
		_main
 This function uses a non-reentrant model


 *************** function _pinINIT_extra *****************
 Defined at:
		line 893 in file "../master_eight.c"
 Parameters:    Size  Location     Type
		None
 Auto vars:     Size  Location     Type
		None
 Return value:  Size  Location     Type
                  1    wreg      void 
 Registers used:
		status,2
 Tracked objects:
		On entry : 
		On exit  : 
		Unchanged: 
 Data sizes:     COMMON   BANK0   BANK1   BANK2   BANK3   BANK4   BANK5   BANK6   BANK7   BANK8   BANK9
      Params:         0       0       0       0       0       0       0       0       0       0       0
      Locals:         0       0       0       0       0       0       0       0       0       0       0
      Temps:          0       0       0       0       0       0       0       0       0       0       0
      Totals:         0       0       0       0       0       0       0       0       0       0       0
Total ram usage:        0 bytes
 Hardware stack levels used:    1
 Hardware stack levels required when called:    2
 This function calls:
		Nothing
 This function is called by:
		_GPIO_pin_Initialize
 This function uses a non-reentrant model


 *************** function _clearAllPorts *****************
 Defined at:
		line 910 in file "../master_eight.c"
 Parameters:    Size  Location     Type
		None
 Auto vars:     Size  Location     Type
		None
 Return value:  Size  Location     Type
                  1    wreg      void 
 Registers used:
		None
 Tracked objects:
		On entry : 
		On exit  : 
		Unchanged: 
 Data sizes:     COMMON   BANK0   BANK1   BANK2   BANK3   BANK4   BANK5   BANK6   BANK7   BANK8   BANK9
      Params:         0       0       0       0       0       0       0       0       0       0       0
      Locals:         0       0       0       0       0       0       0       0       0       0       0
      Temps:          0       0       0       0       0       0       0       0       0       0       0
      Totals:         0       0       0       0       0       0       0       0       0       0       0
Total ram usage:        0 bytes
 Hardware stack levels used:    1
 Hardware stack levels required when called:    2
 This function calls:
		Nothing
 This function is called by:
		_GPIO_pin_Initialize
 This function uses a non-reentrant model


 *************** function _isr *****************
 Defined at:
		line 225 in file "../master_eight.c"
 Parameters:    Size  Location     Type
		None
 Auto vars:     Size  Location     Type
		None
 Return value:  Size  Location     Type
                  1    wreg      void 
 Registers used:
		wreg, fsr1l, fsr1h, status,2, status,0, pclath, cstack
 Tracked objects:
		On entry : 
		On exit  : 
		Unchanged: 
 Data sizes:     COMMON   BANK0   BANK1   BANK2   BANK3   BANK4   BANK5   BANK6   BANK7   BANK8   BANK9
      Params:         0       0       0       0       0       0       0       0       0       0       0
      Locals:         0       0       0       0       0       0       0       0       0       0       0
      Temps:          2       0       0       0       0       0       0       0       0       0       0
      Totals:         2       0       0       0       0       0       0       0       0       0       0
Total ram usage:        2 bytes
 Hardware stack levels used:    1
 Hardware stack levels required when called:    1
 This function calls:
		_errorsISR
 This function is called by:
		Interrupt level 1
 This function uses a non-reentrant model


 *************** function _errorsISR *****************
 Defined at:
		line 836 in file "../master_eight.c"
 Parameters:    Size  Location     Type
  errNum          1    wreg     PTR unsigned char 
		 -> ErrorNames(5), 
 Auto vars:     Size  Location     Type
  errNum          1    3[COMMON] PTR unsigned char 
		 -> ErrorNames(5), 
  Tx_count        2    1[COMMON] int 
 Return value:  Size  Location     Type
                  1    wreg      void 
 Registers used:
		wreg, fsr1l, fsr1h, status,2, status,0
 Tracked objects:
		On entry : 
		On exit  : 
		Unchanged: 
 Data sizes:     COMMON   BANK0   BANK1   BANK2   BANK3   BANK4   BANK5   BANK6   BANK7   BANK8   BANK9
      Params:         0       0       0       0       0       0       0       0       0       0       0
      Locals:         3       0       0       0       0       0       0       0       0       0       0
      Temps:          1       0       0       0       0       0       0       0       0       0       0
      Totals:         4       0       0       0       0       0       0       0       0       0       0
Total ram usage:        4 bytes
 Hardware stack levels used:    1
 This function calls:
		Nothing
 This function is called by:
		_isr
 This function uses a non-reentrant model



MODULE INFORMATION

Module		Function		Class		Link	Load	Size
../application.h
		_applianceControl		CODE           	0130	0000	888

../application.h estimated size: 888

C:\Program Files (x86)\Microchip\xc8\v1.45\sources\common\Umul16.c
		___wmul        		CODE           	1648	0000	29

C:\Program Files (x86)\Microchip\xc8\v1.45\sources\common\Umul16.c estimated size: 29

C:\Program Files (x86)\Microchip\xc8\v1.45\sources\common\isdigit.c
		_isdigit       		CODE           	15DF	0000	16

C:\Program Files (x86)\Microchip\xc8\v1.45\sources\common\isdigit.c estimated size: 16

C:\Program Files (x86)\Microchip\xc8\v1.45\sources\common\atoi.c
		_atoi          		CODE           	0840	0000	108

C:\Program Files (x86)\Microchip\xc8\v1.45\sources\common\atoi.c estimated size: 108

shared
		__initialization		CODE           	00CD	0000	96

shared estimated size: 96

../master_eight.c
		_allPeripheralInit		CODE           	0805	0000	7
		_errorsMain    		CODE           	1681	0000	30
		_main          		CODE           	08AB	0000	1878
		_send_Response_To_Touch		CODE           	179A	0000	103
		_sendAcknowledgment		CODE           	1664	0000	30
		_errorsISR     		CODE           	162F	0000	26
		_EUSART_Initialize		CODE           	1619	0000	23
		_clearAllPorts 		CODE           	15D1	0000	15
		_isr           		CODE           	0004	0000	200
		_sendFeedback_TO_Gateway		CODE           	080B	0000	54
		_copyReceivedDataBuffer		CODE           	16E6	0000	51
		_EUSART2_Initialize		CODE           	1603	0000	23
		_GPIO_pin_Initialize		CODE           	169E	0000	37
		_copyTouchpanelReceiveDataBuffer		CODE           	1718	0000	51
		_pinINIT_extra 		CODE           	15EE	0000	22

../master_eight.c estimated size: 2550

../actiontouchpanel.h
		_actiontouchPanel		CODE           	04A7	0000	658

../actiontouchpanel.h estimated size: 658

